Archive member included to satisfy reference by file (symbol)

/home/vanchutin/gcc-arm-none-eabi-5_4-2017q2/bin/../lib/gcc/arm-none-eabi/5.4.1/../../../../arm-none-eabi/lib/armv7e-m/fpu/libstdc++_nano.a(guard.o)
                              build/system.o (symbol from plugin) (__cxa_guard_acquire)
/home/vanchutin/gcc-arm-none-eabi-5_4-2017q2/bin/../lib/gcc/arm-none-eabi/5.4.1/../../../../arm-none-eabi/lib/armv7e-m/fpu/libstdc++_nano.a(pure.o)
                              build/system.o (symbol from plugin) (__cxa_pure_virtual)
/home/vanchutin/gcc-arm-none-eabi-5_4-2017q2/bin/../lib/gcc/arm-none-eabi/5.4.1/../../../../arm-none-eabi/lib/armv7e-m/fpu/libstdc++_nano.a(eh_terminate.o)
                              /home/vanchutin/gcc-arm-none-eabi-5_4-2017q2/bin/../lib/gcc/arm-none-eabi/5.4.1/../../../../arm-none-eabi/lib/armv7e-m/fpu/libstdc++_nano.a(pure.o) (std::terminate())
/home/vanchutin/gcc-arm-none-eabi-5_4-2017q2/bin/../lib/gcc/arm-none-eabi/5.4.1/../../../../arm-none-eabi/lib/armv7e-m/fpu/libstdc++_nano.a(eh_unex_handler.o)
                              /home/vanchutin/gcc-arm-none-eabi-5_4-2017q2/bin/../lib/gcc/arm-none-eabi/5.4.1/../../../../arm-none-eabi/lib/armv7e-m/fpu/libstdc++_nano.a(eh_terminate.o) (__cxxabiv1::__unexpected_handler)
/home/vanchutin/gcc-arm-none-eabi-5_4-2017q2/bin/../lib/gcc/arm-none-eabi/5.4.1/../../../../arm-none-eabi/lib/armv7e-m/fpu/libstdc++_nano.a(eh_term_handler.o)
                              /home/vanchutin/gcc-arm-none-eabi-5_4-2017q2/bin/../lib/gcc/arm-none-eabi/5.4.1/../../../../arm-none-eabi/lib/armv7e-m/fpu/libstdc++_nano.a(eh_terminate.o) (__cxxabiv1::__terminate_handler)
/home/vanchutin/gcc-arm-none-eabi-5_4-2017q2/bin/../lib/gcc/arm-none-eabi/5.4.1/../../../../arm-none-eabi/lib/armv7e-m/fpu/libc_nano.a(lib_a-abort.o)
                              /home/vanchutin/gcc-arm-none-eabi-5_4-2017q2/bin/../lib/gcc/arm-none-eabi/5.4.1/../../../../arm-none-eabi/lib/armv7e-m/fpu/libstdc++_nano.a(eh_terminate.o) (abort)
/home/vanchutin/gcc-arm-none-eabi-5_4-2017q2/bin/../lib/gcc/arm-none-eabi/5.4.1/../../../../arm-none-eabi/lib/armv7e-m/fpu/libc_nano.a(lib_a-exit.o)
                              /home/vanchutin/gcc-arm-none-eabi-5_4-2017q2/bin/../lib/gcc/arm-none-eabi/5.4.1/../../../../arm-none-eabi/lib/armv7e-m/fpu/crt0.o (exit)
/home/vanchutin/gcc-arm-none-eabi-5_4-2017q2/bin/../lib/gcc/arm-none-eabi/5.4.1/../../../../arm-none-eabi/lib/armv7e-m/fpu/libc_nano.a(lib_a-impure.o)
                              /home/vanchutin/gcc-arm-none-eabi-5_4-2017q2/bin/../lib/gcc/arm-none-eabi/5.4.1/../../../../arm-none-eabi/lib/armv7e-m/fpu/libc_nano.a(lib_a-exit.o) (_global_impure_ptr)
/home/vanchutin/gcc-arm-none-eabi-5_4-2017q2/bin/../lib/gcc/arm-none-eabi/5.4.1/../../../../arm-none-eabi/lib/armv7e-m/fpu/libc_nano.a(lib_a-init.o)
                              /home/vanchutin/gcc-arm-none-eabi-5_4-2017q2/bin/../lib/gcc/arm-none-eabi/5.4.1/../../../../arm-none-eabi/lib/armv7e-m/fpu/crt0.o (__libc_init_array)
/home/vanchutin/gcc-arm-none-eabi-5_4-2017q2/bin/../lib/gcc/arm-none-eabi/5.4.1/../../../../arm-none-eabi/lib/armv7e-m/fpu/libc_nano.a(lib_a-memset.o)
                              /home/vanchutin/gcc-arm-none-eabi-5_4-2017q2/bin/../lib/gcc/arm-none-eabi/5.4.1/../../../../arm-none-eabi/lib/armv7e-m/fpu/crt0.o (memset)
/home/vanchutin/gcc-arm-none-eabi-5_4-2017q2/bin/../lib/gcc/arm-none-eabi/5.4.1/../../../../arm-none-eabi/lib/armv7e-m/fpu/libc_nano.a(lib_a-signal.o)
                              /home/vanchutin/gcc-arm-none-eabi-5_4-2017q2/bin/../lib/gcc/arm-none-eabi/5.4.1/../../../../arm-none-eabi/lib/armv7e-m/fpu/libc_nano.a(lib_a-abort.o) (raise)
/home/vanchutin/gcc-arm-none-eabi-5_4-2017q2/bin/../lib/gcc/arm-none-eabi/5.4.1/../../../../arm-none-eabi/lib/armv7e-m/fpu/libc_nano.a(lib_a-signalr.o)
                              /home/vanchutin/gcc-arm-none-eabi-5_4-2017q2/bin/../lib/gcc/arm-none-eabi/5.4.1/../../../../arm-none-eabi/lib/armv7e-m/fpu/libc_nano.a(lib_a-signal.o) (_kill_r)
/home/vanchutin/gcc-arm-none-eabi-5_4-2017q2/bin/../lib/gcc/arm-none-eabi/5.4.1/../../../../arm-none-eabi/lib/armv7e-m/fpu/libc_nano.a(lib_a-nano-mallocr.o)
                              /home/vanchutin/gcc-arm-none-eabi-5_4-2017q2/bin/../lib/gcc/arm-none-eabi/5.4.1/../../../../arm-none-eabi/lib/armv7e-m/fpu/libc_nano.a(lib_a-signal.o) (_malloc_r)
/home/vanchutin/gcc-arm-none-eabi-5_4-2017q2/bin/../lib/gcc/arm-none-eabi/5.4.1/../../../../arm-none-eabi/lib/armv7e-m/fpu/libc_nano.a(lib_a-reent.o)
                              /home/vanchutin/gcc-arm-none-eabi-5_4-2017q2/bin/../lib/gcc/arm-none-eabi/5.4.1/../../../../arm-none-eabi/lib/armv7e-m/fpu/libc_nano.a(lib_a-signalr.o) (errno)
/home/vanchutin/gcc-arm-none-eabi-5_4-2017q2/bin/../lib/gcc/arm-none-eabi/5.4.1/../../../../arm-none-eabi/lib/armv7e-m/fpu/libc_nano.a(lib_a-sbrkr.o)
[...]
Memory Configuration

Name             Origin             Length             Attributes
ROM              0x0000000008000000 0x0000000000020000 xr
RAM              0x0000000020000000 0x000000000000a000 xrw
*default*        0x0000000000000000 0xffffffffffffffff

Linker script and memory map

LOAD /home/vanchutin/gcc-arm-none-eabi-5_4-2017q2/bin/../lib/gcc/arm-none-eabi/5.4.1/armv7e-m/fpu/crti.o
LOAD /home/vanchutin/gcc-arm-none-eabi-5_4-2017q2/bin/../lib/gcc/arm-none-eabi/5.4.1/armv7e-m/fpu/crtbegin.o
LOAD /home/vanchutin/gcc-arm-none-eabi-5_4-2017q2/bin/../lib/gcc/arm-none-eabi/5.4.1/../../../../arm-none-eabi/lib/armv7e-m/fpu/crt0.o
LOAD build/main.o
LOAD /tmp/cckB1qsp.ltrans0.ltrans.o
LOAD build/system.o
LOAD build/platform.o
LOAD build/platform_base.o
LOAD build/spi.o
LOAD build/stm32f30x_adc.o
LOAD build/stm32f30x_can.o
LOAD build/stm32f30x_rcc.o
LOAD build/stm32f30x_gpio.o
LOAD build/stm32f30x_comp.o
LOAD build/stm32f30x_tim.o
LOAD build/stm32f30x_spi.o
LOAD build/system_stm32f30x.o
LOAD build/startup_stm32f30x.o
LOAD /home/vanchutin/gcc-arm-none-eabi-5_4-2017q2/bin/../lib/gcc/arm-none-eabi/5.4.1/../../../../arm-none-eabi/lib/armv7e-m/fpu/libnosys.a
LOAD /home/vanchutin/gcc-arm-none-eabi-5_4-2017q2/bin/../lib/gcc/arm-none-eabi/5.4.1/../../../../arm-none-eabi/lib/armv7e-m/fpu/libstdc++_nano.a
LOAD /home/vanchutin/gcc-arm-none-eabi-5_4-2017q2/bin/../lib/gcc/arm-none-eabi/5.4.1/../../../../arm-none-eabi/lib/armv7e-m/fpu/libm.a
LOAD /home/vanchutin/gcc-arm-none-eabi-5_4-2017q2/bin/../lib/gcc/arm-none-eabi/5.4.1/../../../../arm-none-eabi/lib/armv7e-m/fpu/libc_nano.a
START GROUP
LOAD /home/vanchutin/gcc-arm-none-eabi-5_4-2017q2/bin/../lib/gcc/arm-none-eabi/5.4.1/armv7e-m/fpu/libgcc.a
LOAD /home/vanchutin/gcc-arm-none-eabi-5_4-2017q2/bin/../lib/gcc/arm-none-eabi/5.4.1/../../../../arm-none-eabi/lib/armv7e-m/fpu/libc_nano.a
END GROUP
START GROUP
LOAD /home/vanchutin/gcc-arm-none-eabi-5_4-2017q2/bin/../lib/gcc/arm-none-eabi/5.4.1/armv7e-m/fpu/libgcc.a
LOAD /home/vanchutin/gcc-arm-none-eabi-5_4-2017q2/bin/../lib/gcc/arm-none-eabi/5.4.1/../../../../arm-none-eabi/lib/armv7e-m/fpu/libc_nano.a
END GROUP
LOAD /home/vanchutin/gcc-arm-none-eabi-5_4-2017q2/bin/../lib/gcc/arm-none-eabi/5.4.1/armv7e-m/fpu/crtend.o
LOAD /home/vanchutin/gcc-arm-none-eabi-5_4-2017q2/bin/../lib/gcc/arm-none-eabi/5.4.1/armv7e-m/fpu/crtn.o

.text           0x0000000008000000      0xa5c
 *(.isr_vector)
 .isr_vector    0x0000000008000000      0x188 build/startup_stm32f30x.o
                0x0000000008000000                __isr_vector
 *(.text*)
 .text          0x0000000008000188       0x5c /home/vanchutin/gcc-arm-none-eabi-5_4-2017q2/bin/../lib/gcc/arm-none-eabi/5.4.1/armv7e-m/fpu/crtbegin.o
 .text          0x00000000080001e4       0x74 /home/vanchutin/gcc-arm-none-eabi-5_4-2017q2/bin/../lib/gcc/arm-none-eabi/5.4.1/../../../../arm-none-eabi/lib/armv7e-m/fpu/crt0.o
                0x00000000080001e4                _mainCRTStartup
                0x00000000080001e4                _start
 .text          0x0000000008000258      0x224 /tmp/cckB1qsp.ltrans0.ltrans.o
                0x0000000008000454                SysTick_Handler
                0x0000000008000464                main
 .text.RCC_AHBPeriphClockCmd
                0x000000000800047c       0x1c build/stm32f30x_rcc.o
                0x000000000800047c                RCC_AHBPeriphClockCmd
 .text.RCC_APB1PeriphClockCmd
                0x0000000008000498       0x1c build/stm32f30x_rcc.o
                0x0000000008000498                RCC_APB1PeriphClockCmd
 .text.GPIO_Init
                0x00000000080004b4       0x94 build/stm32f30x_gpio.o
                0x00000000080004b4                GPIO_Init
 .text.GPIO_SetBits
                0x0000000008000548        0x4 build/stm32f30x_gpio.o
                0x0000000008000548                GPIO_SetBits
 .text.GPIO_PinAFConfig
                0x000000000800054c       0x30 build/stm32f30x_gpio.o
                0x000000000800054c                GPIO_PinAFConfig
 .text.SPI_Init
                0x000000000800057c       0x84 build/stm32f30x_spi.o
                0x000000000800057c                SPI_Init
 .text.SPI_Cmd  0x0000000008000600       0x1c build/stm32f30x_spi.o
                0x0000000008000600                SPI_Cmd
 .text.SPI_NSSInternalSoftwareConfig
                0x000000000800061c       0x24 build/stm32f30x_spi.o
                0x000000000800061c                SPI_NSSInternalSoftwareConfig
 .text.SetSysClock
                0x0000000008000640       0x64 build/system_stm32f30x.o
 .text.SystemInit
                0x00000000080006a4       0x70 build/system_stm32f30x.o
                0x00000000080006a4                SystemInit
 .text.SystemCoreClockUpdate
                0x0000000008000714       0x8c build/system_stm32f30x.o
                0x0000000008000714                SystemCoreClockUpdate
 .text          0x00000000080007a0       0xe4 build/startup_stm32f30x.o
                0x00000000080007a0                Reset_Handler
                0x00000000080007e6                NMI_Handler
                0x00000000080007e8                HardFault_Handler
                0x00000000080007ea                MemManage_Handler
                0x00000000080007ec                BusFault_Handler
                0x00000000080007ee                UsageFault_Handler
                0x00000000080007f0                SVC_Handler
                0x00000000080007f2                DebugMon_Handler
                0x00000000080007f4                PendSV_Handler
                0x00000000080007f8                WWDG_IRQHandler
                0x00000000080007fa                PVD_IRQHandler
                0x00000000080007fc                TAMPER_STAMP_IRQHandler
                0x00000000080007fe                RTC_WKUP_IRQHandler
                0x0000000008000800                FLASH_IRQHandler
                0x0000000008000802                RCC_IRQHandler
                0x0000000008000804                EXTI0_IRQHandler
                0x0000000008000806                EXTI1_IRQHandler
                0x0000000008000808                EXTI2_TS_IRQHandler
                0x000000000800080a                EXTI3_IRQHandler
                0x000000000800080c                EXTI4_IRQHandler
                0x000000000800080e                DMA1_Channel1_IRQHandler
                0x0000000008000810                DMA1_Channel2_IRQHandler
                0x0000000008000812                DMA1_Channel3_IRQHandler
                0x0000000008000814                DMA1_Channel4_IRQHandler
                0x0000000008000816                DMA1_Channel5_IRQHandler
                0x0000000008000818                DMA1_Channel6_IRQHandler
                0x000000000800081a                DMA1_Channel7_IRQHandler
                0x000000000800081c                ADC1_2_IRQHandler
                0x000000000800081e                USB_HP_CAN1_TX_IRQHandler
                0x0000000008000820                USB_LP_CAN1_RX0_IRQHandler
                0x0000000008000822                CAN1_RX1_IRQHandler
                0x0000000008000824                CAN1_SCE_IRQHandler
                0x0000000008000826                EXTI9_5_IRQHandler
                0x0000000008000828                TIM1_BRK_TIM15_IRQHandler
                0x000000000800082a                TIM1_UP_TIM16_IRQHandler
                0x000000000800082c                TIM1_TRG_COM_TIM17_IRQHandler
                0x000000000800082e                TIM1_CC_IRQHandler
                0x0000000008000830                TIM2_IRQHandler
                0x0000000008000832                TIM3_IRQHandler
                0x0000000008000834                TIM4_IRQHandler
                0x0000000008000836                I2C1_EV_IRQHandler
                0x0000000008000838                I2C1_ER_IRQHandler
                0x000000000800083a                I2C2_EV_IRQHandler
                0x000000000800083c                I2C2_ER_IRQHandler
                0x000000000800083e                SPI1_IRQHandler
                0x0000000008000840                SPI2_IRQHandler
                0x0000000008000842                USART1_IRQHandler
                0x0000000008000844                USART2_IRQHandler
                0x0000000008000846                USART3_IRQHandler
                0x0000000008000848                EXTI15_10_IRQHandler
                0x000000000800084a                RTC_Alarm_IRQHandler
                0x000000000800084c                USBWakeUp_IRQHandler
                0x000000000800084e                TIM8_BRK_IRQHandler
                0x0000000008000850                TIM8_UP_IRQHandler
                0x0000000008000852                TIM8_TRG_COM_IRQHandler
                0x0000000008000854                TIM8_CC_IRQHandler
                0x0000000008000856                ADC3_IRQHandler
                0x0000000008000858                SPI3_IRQHandler
                0x000000000800085a                UART4_IRQHandler
                0x000000000800085c                UART5_IRQHandler
                0x000000000800085e                TIM6_DAC_IRQHandler
                0x0000000008000860                TIM7_IRQHandler
                0x0000000008000862                DMA2_Channel1_IRQHandler
                0x0000000008000864                DMA2_Channel2_IRQHandler
                0x0000000008000866                DMA2_Channel3_IRQHandler
                0x0000000008000868                DMA2_Channel4_IRQHandler
                0x000000000800086a                DMA2_Channel5_IRQHandler
                0x000000000800086c                ADC4_IRQHandler
                0x000000000800086e                COMP1_2_3_IRQHandler
                0x0000000008000870                COMP4_5_6_IRQHandler
                0x0000000008000872                COMP7_IRQHandler
                0x0000000008000874                USB_HP_IRQHandler
                0x0000000008000876                USB_LP_IRQHandler
                0x0000000008000878                USBWakeUp_RMP_IRQHandler
                0x000000000800087a                FPU_IRQHandler
 .text.__cxa_guard_acquire
                0x0000000008000884       0x18 /home/vanchutin/gcc-arm-none-eabi-5_4-2017q2/bin/../lib/gcc/arm-none-eabi/5.4.1/../../../../arm-none-eabi/lib/armv7e-m/fpu/libstdc++_nano.a(guard.o)
                0x0000000008000884                __cxa_guard_acquire
 .text.__cxa_guard_release
                0x000000000800089c        0x6 /home/vanchutin/gcc-arm-none-eabi-5_4-2017q2/bin/../lib/gcc/arm-none-eabi/5.4.1/../../../../arm-none-eabi/lib/armv7e-m/fpu/libstdc++_nano.a(guard.o)
                0x000000000800089c                __cxa_guard_release
 .text.__cxa_pure_virtual
                0x00000000080008a2        0x6 /home/vanchutin/gcc-arm-none-eabi-5_4-2017q2/bin/../lib/gcc/arm-none-eabi/5.4.1/../../../../arm-none-eabi/lib/armv7e-m/fpu/libstdc++_nano.a(pure.o)
                0x00000000080008a2                __cxa_pure_virtual
 .text._ZN10__cxxabiv111__terminateEPFvvE
                0x00000000080008a8        0x8 /home/vanchutin/gcc-arm-none-eabi-5_4-2017q2/bin/../lib/gcc/arm-none-eabi/5.4.1/../../../../arm-none-eabi/lib/armv7e-m/fpu/libstdc++_nano.a(eh_terminate.o)
                0x00000000080008a8                __cxxabiv1::__terminate(void (*)())
 .text._ZSt13get_terminatev
                0x00000000080008b0       0x10 /home/vanchutin/gcc-arm-none-eabi-5_4-2017q2/bin/../lib/gcc/arm-none-eabi/5.4.1/../../../../arm-none-eabi/lib/armv7e-m/fpu/libstdc++_nano.a(eh_terminate.o)
                0x00000000080008b0                std::get_terminate()
 .text._ZSt9terminatev
                0x00000000080008c0        0xa /home/vanchutin/gcc-arm-none-eabi-5_4-2017q2/bin/../lib/gcc/arm-none-eabi/5.4.1/../../../../arm-none-eabi/lib/armv7e-m/fpu/libstdc++_nano.a(eh_terminate.o)
                0x00000000080008c0                std::terminate()
 .text.abort    0x00000000080008ca        0xe /home/vanchutin/gcc-arm-none-eabi-5_4-2017q2/bin/../lib/gcc/arm-none-eabi/5.4.1/../../../../arm-none-eabi/lib/armv7e-m/fpu/libc_nano.a(lib_a-abort.o)
                0x00000000080008ca                abort
 .text.exit     0x00000000080008d8       0x28 /home/vanchutin/gcc-arm-none-eabi-5_4-2017q2/bin/../lib/gcc/arm-none-eabi/5.4.1/../../../../arm-none-eabi/lib/armv7e-m/fpu/libc_nano.a(lib_a-exit.o)
                0x00000000080008d8                exit
 .text.__libc_init_array
                0x0000000008000900       0x4c /home/vanchutin/gcc-arm-none-eabi-5_4-2017q2/bin/../lib/gcc/arm-none-eabi/5.4.1/../../../../arm-none-eabi/lib/armv7e-m/fpu/libc_nano.a(lib_a-init.o)
                0x0000000008000900                __libc_init_array
 .text.memset   0x000000000800094c       0x10 /home/vanchutin/gcc-arm-none-eabi-5_4-2017q2/bin/../lib/gcc/arm-none-eabi/5.4.1/../../../../arm-none-eabi/lib/armv7e-m/fpu/libc_nano.a(lib_a-memset.o)
                0x000000000800094c                memset
 .text._raise_r
                0x000000000800095c       0x54 /home/vanchutin/gcc-arm-none-eabi-5_4-2017q2/bin/../lib/gcc/arm-none-eabi/5.4.1/../../../../arm-none-eabi/lib/armv7e-m/fpu/libc_nano.a(lib_a-signal.o)
                0x000000000800095c                _raise_r
 .text.raise    0x00000000080009b0       0x10 /home/vanchutin/gcc-arm-none-eabi-5_4-2017q2/bin/../lib/gcc/arm-none-eabi/5.4.1/../../../../arm-none-eabi/lib/armv7e-m/fpu/libc_nano.a(lib_a-signal.o)
                0x00000000080009b0                raise
 .text._kill_r  0x00000000080009c0       0x24 /home/vanchutin/gcc-arm-none-eabi-5_4-2017q2/bin/../lib/gcc/arm-none-eabi/5.4.1/../../../../arm-none-eabi/lib/armv7e-m/fpu/libc_nano.a(lib_a-signalr.o)
                0x00000000080009c0                _kill_r
 .text._getpid_r
                0x00000000080009e4        0x4 /home/vanchutin/gcc-arm-none-eabi-5_4-2017q2/bin/../lib/gcc/arm-none-eabi/5.4.1/../../../../arm-none-eabi/lib/armv7e-m/fpu/libc_nano.a(lib_a-signalr.o)
                0x00000000080009e4                _getpid_r
 .text._getpid  0x00000000080009e8       0x10 /home/vanchutin/gcc-arm-none-eabi-5_4-2017q2/bin/../lib/gcc/arm-none-eabi/5.4.1/../../../../arm-none-eabi/lib/armv7e-m/fpu/libnosys.a(getpid.o)
                0x00000000080009e8                _getpid
 .text._kill    0x00000000080009f8       0x10 /home/vanchutin/gcc-arm-none-eabi-5_4-2017q2/bin/../lib/gcc/arm-none-eabi/5.4.1/../../../../arm-none-eabi/lib/armv7e-m/fpu/libnosys.a(kill.o)
                0x00000000080009f8                _kill
 .text._exit    0x0000000008000a08        0x4 /home/vanchutin/gcc-arm-none-eabi-5_4-2017q2/bin/../lib/gcc/arm-none-eabi/5.4.1/../../../../arm-none-eabi/lib/armv7e-m/fpu/libnosys.a(_exit.o)
                0x0000000008000a08                _exit
 *(.init)
 .init          0x0000000008000a0c        0x4 /home/vanchutin/gcc-arm-none-eabi-5_4-2017q2/bin/../lib/gcc/arm-none-eabi/5.4.1/armv7e-m/fpu/crti.o
                0x0000000008000a0c                _init
 .init          0x0000000008000a10        0x8 /home/vanchutin/gcc-arm-none-eabi-5_4-2017q2/bin/../lib/gcc/arm-none-eabi/5.4.1/armv7e-m/fpu/crtn.o
 *(.fini)
 .fini          0x0000000008000a18        0x4 /home/vanchutin/gcc-arm-none-eabi-5_4-2017q2/bin/../lib/gcc/arm-none-eabi/5.4.1/armv7e-m/fpu/crti.o
                0x0000000008000a18                _fini
 .fini          0x0000000008000a1c        0x8 /home/vanchutin/gcc-arm-none-eabi-5_4-2017q2/bin/../lib/gcc/arm-none-eabi/5.4.1/armv7e-m/fpu/crtn.o
 *crtbegin.o(.ctors)
 *crtbegin?.o(.ctors)
 *(EXCLUDE_FILE(*crtend.o *crtend?.o) .ctors)
 *(SORT(.ctors.*))
 *(.ctors)
 *crtbegin.o(.dtors)
 *crtbegin?.o(.dtors)
 *(EXCLUDE_FILE(*crtend.o *crtend?.o) .dtors)
 *(SORT(.dtors.*))
 *(.dtors)
 *(.rodata*)
 .rodata        0x0000000008000a24       0x30 /tmp/cckB1qsp.ltrans0.ltrans.o
 .rodata._global_impure_ptr
                0x0000000008000a54        0x4 /home/vanchutin/gcc-arm-none-eabi-5_4-2017q2/bin/../lib/gcc/arm-none-eabi/5.4.1/../../../../arm-none-eabi/lib/armv7e-m/fpu/libc_nano.a(lib_a-impure.o)
                0x0000000008000a54                _global_impure_ptr
 *(.eh_frame*)
 .eh_frame      0x0000000008000a58        0x0 /home/vanchutin/gcc-arm-none-eabi-5_4-2017q2/bin/../lib/gcc/arm-none-eabi/5.4.1/armv7e-m/fpu/crtbegin.o
 .eh_frame      0x0000000008000a58        0x4 /home/vanchutin/gcc-arm-none-eabi-5_4-2017q2/bin/../lib/gcc/arm-none-eabi/5.4.1/armv7e-m/fpu/crtend.o

.glue_7         0x0000000008000a5c        0x0
 .glue_7        0x0000000008000a5c        0x0 linker stubs

.glue_7t        0x0000000008000a5c        0x0
 .glue_7t       0x0000000008000a5c        0x0 linker stubs

.vfp11_veneer   0x0000000008000a5c        0x0
 .vfp11_veneer  0x0000000008000a5c        0x0 linker stubs

.v4_bx          0x0000000008000a5c        0x0
 .v4_bx         0x0000000008000a5c        0x0 linker stubs

.iplt           0x0000000008000a5c        0x0
 .iplt          0x0000000008000a5c        0x0 /home/vanchutin/gcc-arm-none-eabi-5_4-2017q2/bin/../lib/gcc/arm-none-eabi/5.4.1/armv7e-m/fpu/crtbegin.o

.ARM.extab
 *(.ARM.extab* .gnu.linkonce.armextab.*)
                0x0000000008000a5c                __exidx_start = .

.ARM.exidx      0x0000000008000a5c        0x8
 *(.ARM.exidx* .gnu.linkonce.armexidx.*)
 .ARM.exidx     0x0000000008000a5c        0x8 /home/vanchutin/gcc-arm-none-eabi-5_4-2017q2/bin/../lib/gcc/arm-none-eabi/5.4.1/../../../../arm-none-eabi/lib/armv7e-m/fpu/crt0.o
                0x0000000008000a64                __exidx_end = .
                0x0000000008000a64                __etext = .

.rel.dyn        0x0000000008000a64        0x0
 .rel.iplt      0x0000000008000a64        0x0 /home/vanchutin/gcc-arm-none-eabi-5_4-2017q2/bin/../lib/gcc/arm-none-eabi/5.4.1/armv7e-m/fpu/crtbegin.o

.data           0x0000000020000000       0x84 load address 0x0000000008000a64
                0x0000000020000000                __data_start__ = .
 *(vtable)
 *(.data*)
 .data.AHBPrescTable
                0x0000000020000000       0x10 build/system_stm32f30x.o
                0x0000000020000000                AHBPrescTable
 .data.SystemCoreClock
                0x0000000020000010        0x4 build/system_stm32f30x.o
                0x0000000020000010                SystemCoreClock
 .data._ZN10__cxxabiv119__terminate_handlerE
                0x0000000020000014        0x4 /home/vanchutin/gcc-arm-none-eabi-5_4-2017q2/bin/../lib/gcc/arm-none-eabi/5.4.1/../../../../arm-none-eabi/lib/armv7e-m/fpu/libstdc++_nano.a(eh_term_handler.o)
                0x0000000020000014                __cxxabiv1::__terminate_handler
 .data.impure_data
                0x0000000020000018       0x60 /home/vanchutin/gcc-arm-none-eabi-5_4-2017q2/bin/../lib/gcc/arm-none-eabi/5.4.1/../../../../arm-none-eabi/lib/armv7e-m/fpu/libc_nano.a(lib_a-impure.o)
 .data._impure_ptr
                0x0000000020000078        0x4 /home/vanchutin/gcc-arm-none-eabi-5_4-2017q2/bin/../lib/gcc/arm-none-eabi/5.4.1/../../../../arm-none-eabi/lib/armv7e-m/fpu/libc_nano.a(lib_a-impure.o)
                0x0000000020000078                _impure_ptr
                0x000000002000007c                . = ALIGN (0x4)
                0x000000002000007c                PROVIDE (__preinit_array_start, .)
 *(.preinit_array)
                0x000000002000007c                PROVIDE (__preinit_array_end, .)
                0x000000002000007c                . = ALIGN (0x4)
                0x000000002000007c                PROVIDE (__init_array_start, .)
 *(SORT(.init_array.*))
 *(.init_array)
 .init_array    0x000000002000007c        0x4 /home/vanchutin/gcc-arm-none-eabi-5_4-2017q2/bin/../lib/gcc/arm-none-eabi/5.4.1/armv7e-m/fpu/crtbegin.o
                0x0000000020000080                PROVIDE (__init_array_end, .)
                0x0000000020000080                . = ALIGN (0x4)
                [!provide]                        PROVIDE (__fini_array_start, .)
 *(SORT(.fini_array.*))
 *(.fini_array)
 .fini_array    0x0000000020000080        0x4 /home/vanchutin/gcc-arm-none-eabi-5_4-2017q2/bin/../lib/gcc/arm-none-eabi/5.4.1/armv7e-m/fpu/crtbegin.o
                [!provide]                        PROVIDE (__fini_array_end, .)
                0x0000000020000084                . = ALIGN (0x4)
                0x0000000020000084                __data_end__ = .

.jcr            0x0000000020000084        0x0 load address 0x0000000008000ae8
 .jcr           0x0000000020000084        0x0 /home/vanchutin/gcc-arm-none-eabi-5_4-2017q2/bin/../lib/gcc/arm-none-eabi/5.4.1/armv7e-m/fpu/crtbegin.o

.igot.plt       0x0000000020000084        0x0 load address 0x0000000008000ae8
 .igot.plt      0x0000000020000084        0x0 /home/vanchutin/gcc-arm-none-eabi-5_4-2017q2/bin/../lib/gcc/arm-none-eabi/5.4.1/armv7e-m/fpu/crtbegin.o

.bss            0x0000000020000084       0x30 load address 0x0000000008000ae8
                0x0000000020000084                __bss_start__ = .
 *(.bss*)
 .bss           0x0000000020000084       0x1c /home/vanchutin/gcc-arm-none-eabi-5_4-2017q2/bin/../lib/gcc/arm-none-eabi/5.4.1/armv7e-m/fpu/crtbegin.o
 .bss           0x00000000200000a0       0x10 /tmp/cckB1qsp.ltrans0.ltrans.o
 *(COMMON)
 COMMON         0x00000000200000b0        0x4 /home/vanchutin/gcc-arm-none-eabi-5_4-2017q2/bin/../lib/gcc/arm-none-eabi/5.4.1/../../../../arm-none-eabi/lib/armv7e-m/fpu/libc_nano.a(lib_a-reent.o)
                0x00000000200000b0                errno
                0x00000000200000b4                __bss_end__ = .

.heap           0x00000000200000b8      0xc00
                0x00000000200000b8                __end__ = .
                0x00000000200000b8                end = __end__
 *(.heap*)
 .heap          0x00000000200000b8      0xc00 build/startup_stm32f30x.o
                0x00000000200000b8                __HeapBase
                0x0000000020000cb8                __HeapLimit = .

.stack_dummy    0x00000000200000b8      0x400
 *(.stack)
 .stack         0x00000000200000b8      0x400 build/startup_stm32f30x.o
                0x000000002000a000                __StackTop = (ORIGIN (RAM) + LENGTH (RAM))
                0x0000000020009c00                __StackLimit = (__StackTop - SIZEOF (.stack_dummy))
                0x000000002000a000                PROVIDE (__stack, __StackTop)
                0x0000000000000001                ASSERT ((__StackLimit >= __HeapLimit), region RAM overflowed with stack)
OUTPUT(build/motorControl.elf elf32-littlearm)

.ARM.attributes
                0x0000000000000000       0x30
 .ARM.attributes
                0x0000000000000000       0x22 /home/vanchutin/gcc-arm-none-eabi-5_4-2017q2/bin/../lib/gcc/arm-none-eabi/5.4.1/armv7e-m/fpu/crti.o
 .ARM.attributes
                0x0000000000000022       0x34 /home/vanchutin/gcc-arm-none-eabi-5_4-2017q2/bin/../lib/gcc/arm-none-eabi/5.4.1/armv7e-m/fpu/crtbegin.o
 .ARM.attributes
                0x0000000000000056       0x20 /home/vanchutin/gcc-arm-none-eabi-5_4-2017q2/bin/../lib/gcc/arm-none-eabi/5.4.1/../../../../arm-none-eabi/lib/armv7e-m/fpu/crt0.o
 .ARM.attributes
                0x0000000000000076       0x37 /tmp/cckB1qsp.ltrans0.ltrans.o
 .ARM.attributes
                0x00000000000000ad       0x39 build/stm32f30x_rcc.o
 .ARM.attributes
                0x00000000000000e6       0x39 build/stm32f30x_gpio.o
 .ARM.attributes
                0x000000000000011f       0x39 build/stm32f30x_spi.o
 .ARM.attributes
                0x0000000000000158       0x39 build/system_stm32f30x.o
 .ARM.attributes
                0x0000000000000191       0x1f build/startup_stm32f30x.o
 .ARM.attributes
                0x00000000000001b0       0x34 /home/vanchutin/gcc-arm-none-eabi-5_4-2017q2/bin/../lib/gcc/arm-none-eabi/5.4.1/../../../../arm-none-eabi/lib/armv7e-m/fpu/libstdc++_nano.a(guard.o)
 .ARM.attributes
                0x00000000000001e4       0x34 /home/vanchutin/gcc-arm-none-eabi-5_4-2017q2/bin/../lib/gcc/arm-none-eabi/5.4.1/../../../../arm-none-eabi/lib/armv7e-m/fpu/libstdc++_nano.a(pure.o)
 .ARM.attributes
                0x0000000000000218       0x34 /home/vanchutin/gcc-arm-none-eabi-5_4-2017q2/bin/../lib/gcc/arm-none-eabi/5.4.1/../../../../arm-none-eabi/lib/armv7e-m/fpu/libstdc++_nano.a(eh_terminate.o)
 .ARM.attributes
                0x000000000000024c       0x34 /home/vanchutin/gcc-arm-none-eabi-5_4-2017q2/bin/../lib/gcc/arm-none-eabi/5.4.1/../../../../arm-none-eabi/lib/armv7e-m/fpu/libstdc++_nano.a(eh_term_handler.o)
 .ARM.attributes
                0x0000000000000280       0x34 /home/vanchutin/gcc-arm-none-eabi-5_4-2017q2/bin/../lib/gcc/arm-none-eabi/5.4.1/../../../../arm-none-eabi/lib/armv7e-m/fpu/libc_nano.a(lib_a-abort.o)
 .ARM.attributes
                0x00000000000002b4       0x34 /home/vanchutin/gcc-arm-none-eabi-5_4-2017q2/bin/../lib/gcc/arm-none-eabi/5.4.1/../../../../arm-none-eabi/lib/armv7e-m/fpu/libc_nano.a(lib_a-exit.o)
 .ARM.attributes
                0x00000000000002e8       0x34 /home/vanchutin/gcc-arm-none-eabi-5_4-2017q2/bin/../lib/gcc/arm-none-eabi/5.4.1/../../../../arm-none-eabi/lib/armv7e-m/fpu/libc_nano.a(lib_a-impure.o)
 .ARM.attributes
                0x000000000000031c       0x34 /home/vanchutin/gcc-arm-none-eabi-5_4-2017q2/bin/../lib/gcc/arm-none-eabi/5.4.1/../../../../arm-none-eabi/lib/armv7e-m/fpu/libc_nano.a(lib_a-init.o)
 .ARM.attributes
                0x0000000000000350       0x34 /home/vanchutin/gcc-arm-none-eabi-5_4-2017q2/bin/../lib/gcc/arm-none-eabi/5.4.1/../../../../arm-none-eabi/lib/armv7e-m/fpu/libc_nano.a(lib_a-memset.o)
 .ARM.attributes
                0x0000000000000384       0x34 /home/vanchutin/gcc-arm-none-eabi-5_4-2017q2/bin/../lib/gcc/arm-none-eabi/5.4.1/../../../../arm-none-eabi/lib/armv7e-m/fpu/libc_nano.a(lib_a-signal.o)
 .ARM.attributes
                0x00000000000003b8       0x34 /home/vanchutin/gcc-arm-none-eabi-5_4-2017q2/bin/../lib/gcc/arm-none-eabi/5.4.1/../../../../arm-none-eabi/lib/armv7e-m/fpu/libc_nano.a(lib_a-signalr.o)
 .ARM.attributes
                0x00000000000003ec       0x34 /home/vanchutin/gcc-arm-none-eabi-5_4-2017q2/bin/../lib/gcc/arm-none-eabi/5.4.1/../../../../arm-none-eabi/lib/armv7e-m/fpu/libc_nano.a(lib_a-reent.o)
 .ARM.attributes
                0x0000000000000420       0x34 /home/vanchutin/gcc-arm-none-eabi-5_4-2017q2/bin/../lib/gcc/arm-none-eabi/5.4.1/armv7e-m/fpu/crtend.o
 .ARM.attributes
                0x0000000000000454       0x22 /home/vanchutin/gcc-arm-none-eabi-5_4-2017q2/bin/../lib/gcc/arm-none-eabi/5.4.1/armv7e-m/fpu/crtn.o
 .ARM.attributes
                0x0000000000000476       0x34 /home/vanchutin/gcc-arm-none-eabi-5_4-2017q2/bin/../lib/gcc/arm-none-eabi/5.4.1/../../../../arm-none-eabi/lib/armv7e-m/fpu/libnosys.a(getpid.o)
 .ARM.attributes
                0x00000000000004aa       0x34 /home/vanchutin/gcc-arm-none-eabi-5_4-2017q2/bin/../lib/gcc/arm-none-eabi/5.4.1/../../../../arm-none-eabi/lib/armv7e-m/fpu/libnosys.a(kill.o)
 .ARM.attributes
                0x00000000000004de       0x34 /home/vanchutin/gcc-arm-none-eabi-5_4-2017q2/bin/../lib/gcc/arm-none-eabi/5.4.1/../../../../arm-none-eabi/lib/armv7e-m/fpu/libnosys.a(_exit.o)

.comment        0x0000000000000000       0x6e
 .comment       0x0000000000000000       0x6f /tmp/cckB1qsp.ltrans0.ltrans.o
 .comment       0x0000000000000000       0x6e build/stm32f30x_rcc.o
                                         0x6f (size before relaxing)
 .comment       0x000000000000006e       0x6f build/stm32f30x_gpio.o
 .comment       0x000000000000006e       0x6f build/stm32f30x_spi.o
 .comment       0x000000000000006e       0x6f build/system_stm32f30x.o

.debug_info     0x0000000000000000     0x261c
 .debug_info    0x0000000000000000      0xbe9 build/stm32f30x_rcc.o
 .debug_info    0x0000000000000be9      0x7b9 build/stm32f30x_gpio.o
 .debug_info    0x00000000000013a2      0xd3b build/stm32f30x_spi.o
 .debug_info    0x00000000000020dd      0x4e9 build/system_stm32f30x.o
 .debug_info    0x00000000000025c6       0x56 build/startup_stm32f30x.o

.debug_abbrev   0x0000000000000000      0x797
 .debug_abbrev  0x0000000000000000      0x245 build/stm32f30x_rcc.o
 .debug_abbrev  0x0000000000000245      0x20a build/stm32f30x_gpio.o
 .debug_abbrev  0x000000000000044f      0x20e build/stm32f30x_spi.o
 .debug_abbrev  0x000000000000065d      0x126 build/system_stm32f30x.o
 .debug_abbrev  0x0000000000000783       0x14 build/startup_stm32f30x.o

.debug_loc      0x0000000000000000     0x1633
 .debug_loc     0x0000000000000000      0x98b build/stm32f30x_rcc.o
 .debug_loc     0x000000000000098b      0x360 build/stm32f30x_gpio.o
 .debug_loc     0x0000000000000ceb      0x829 build/stm32f30x_spi.o
 .debug_loc     0x0000000000001514      0x11f build/system_stm32f30x.o

.debug_aranges  0x0000000000000000      0x338
 .debug_aranges
                0x0000000000000000      0x150 build/stm32f30x_rcc.o
 .debug_aranges
                0x0000000000000150       0x80 build/stm32f30x_gpio.o
 .debug_aranges
                0x00000000000001d0      0x118 build/stm32f30x_spi.o
 .debug_aranges
                0x00000000000002e8       0x30 build/system_stm32f30x.o
 .debug_aranges
                0x0000000000000318       0x20 build/startup_stm32f30x.o

.debug_ranges   0x0000000000000000      0x2d8
 .debug_ranges  0x0000000000000000      0x140 build/stm32f30x_rcc.o
 .debug_ranges  0x0000000000000140       0x70 build/stm32f30x_gpio.o
 .debug_ranges  0x00000000000001b0      0x108 build/stm32f30x_spi.o
 .debug_ranges  0x00000000000002b8       0x20 build/system_stm32f30x.o

.debug_line     0x0000000000000000      0xd78
 .debug_line    0x0000000000000000      0x4b9 build/stm32f30x_rcc.o
 .debug_line    0x00000000000004b9      0x271 build/stm32f30x_gpio.o
 .debug_line    0x000000000000072a      0x41b build/stm32f30x_spi.o
 .debug_line    0x0000000000000b45      0x17c build/system_stm32f30x.o
 .debug_line    0x0000000000000cc1       0xb7 build/startup_stm32f30x.o

.debug_str      0x0000000000000000      0xfe8
 .debug_str     0x0000000000000000      0x78e build/stm32f30x_rcc.o
                                        0x824 (size before relaxing)
 .debug_str     0x000000000000078e      0x2fd build/stm32f30x_gpio.o
                                        0x4e5 (size before relaxing)
 .debug_str     0x0000000000000a8b      0x491 build/stm32f30x_spi.o
                                        0x837 (size before relaxing)
 .debug_str     0x0000000000000f1c       0xcc build/system_stm32f30x.o
                                        0x301 (size before relaxing)

.debug_frame    0x0000000000000000      0x9fc
 .debug_frame   0x0000000000000000      0x2a0 build/stm32f30x_rcc.o
 .debug_frame   0x00000000000002a0      0x114 build/stm32f30x_gpio.o
 .debug_frame   0x00000000000003b4      0x26c build/stm32f30x_spi.o
 .debug_frame   0x0000000000000620       0x4c build/system_stm32f30x.o
 .debug_frame   0x000000000000066c       0x40 /home/vanchutin/gcc-arm-none-eabi-5_4-2017q2/bin/../lib/gcc/arm-none-eabi/5.4.1/../../../../arm-none-eabi/lib/armv7e-m/fpu/libstdc++_nano.a(guard.o)
 .debug_frame   0x00000000000006ac       0x40 /home/vanchutin/gcc-arm-none-eabi-5_4-2017q2/bin/../lib/gcc/arm-none-eabi/5.4.1/../../../../arm-none-eabi/lib/armv7e-m/fpu/libstdc++_nano.a(pure.o)
 .debug_frame   0x00000000000006ec       0xb0 /home/vanchutin/gcc-arm-none-eabi-5_4-2017q2/bin/../lib/gcc/arm-none-eabi/5.4.1/../../../../arm-none-eabi/lib/armv7e-m/fpu/libstdc++_nano.a(eh_terminate.o)
 .debug_frame   0x000000000000079c       0x28 /home/vanchutin/gcc-arm-none-eabi-5_4-2017q2/bin/../lib/gcc/arm-none-eabi/5.4.1/../../../../arm-none-eabi/lib/armv7e-m/fpu/libc_nano.a(lib_a-abort.o)
 .debug_frame   0x00000000000007c4       0x28 /home/vanchutin/gcc-arm-none-eabi-5_4-2017q2/bin/../lib/gcc/arm-none-eabi/5.4.1/../../../../arm-none-eabi/lib/armv7e-m/fpu/libc_nano.a(lib_a-exit.o)
 .debug_frame   0x00000000000007ec       0x2c /home/vanchutin/gcc-arm-none-eabi-5_4-2017q2/bin/../lib/gcc/arm-none-eabi/5.4.1/../../../../arm-none-eabi/lib/armv7e-m/fpu/libc_nano.a(lib_a-init.o)
 .debug_frame   0x0000000000000818       0x20 /home/vanchutin/gcc-arm-none-eabi-5_4-2017q2/bin/../lib/gcc/arm-none-eabi/5.4.1/../../../../arm-none-eabi/lib/armv7e-m/fpu/libc_nano.a(lib_a-memset.o)
 .debug_frame   0x0000000000000838       0xcc /home/vanchutin/gcc-arm-none-eabi-5_4-2017q2/bin/../lib/gcc/arm-none-eabi/5.4.1/../../../../arm-none-eabi/lib/armv7e-m/fpu/libc_nano.a(lib_a-signal.o)
 .debug_frame   0x0000000000000904       0x3c /home/vanchutin/gcc-arm-none-eabi-5_4-2017q2/bin/../lib/gcc/arm-none-eabi/5.4.1/../../../../arm-none-eabi/lib/armv7e-m/fpu/libc_nano.a(lib_a-signalr.o)
 .debug_frame   0x0000000000000940       0x5c /home/vanchutin/gcc-arm-none-eabi-5_4-2017q2/bin/../lib/gcc/arm-none-eabi/5.4.1/../../../../arm-none-eabi/lib/armv7e-m/fpu/libc_nano.a(lib_a-reent.o)
 .debug_frame   0x000000000000099c       0x20 /home/vanchutin/gcc-arm-none-eabi-5_4-2017q2/bin/../lib/gcc/arm-none-eabi/5.4.1/../../../../arm-none-eabi/lib/armv7e-m/fpu/libnosys.a(getpid.o)
 .debug_frame   0x00000000000009bc       0x20 /home/vanchutin/gcc-arm-none-eabi-5_4-2017q2/bin/../lib/gcc/arm-none-eabi/5.4.1/../../../../arm-none-eabi/lib/armv7e-m/fpu/libnosys.a(kill.o)
 .debug_frame   0x00000000000009dc       0x20 /home/vanchutin/gcc-arm-none-eabi-5_4-2017q2/bin/../lib/gcc/arm-none-eabi/5.4.1/../../../../arm-none-eabi/lib/armv7e-m/fpu/libnosys.a(_exit.o)

.stab           0x0000000000000000       0x3c
 .stab          0x0000000000000000       0x24 /home/vanchutin/gcc-arm-none-eabi-5_4-2017q2/bin/../lib/gcc/arm-none-eabi/5.4.1/../../../../arm-none-eabi/lib/armv7e-m/fpu/libnosys.a(getpid.o)
 .stab          0x0000000000000024       0x18 /home/vanchutin/gcc-arm-none-eabi-5_4-2017q2/bin/../lib/gcc/arm-none-eabi/5.4.1/../../../../arm-none-eabi/lib/armv7e-m/fpu/libnosys.a(kill.o)
                                         0x24 (size before relaxing)

.stabstr        0x0000000000000000       0x76
 .stabstr       0x0000000000000000       0x76 /home/vanchutin/gcc-arm-none-eabi-5_4-2017q2/bin/../lib/gcc/arm-none-eabi/5.4.1/../../../../arm-none-eabi/lib/armv7e-m/fpu/libnosys.a(getpid.o)

Cross Reference Table

Symbol                                            File
ADC1_2_IRQHandler                                 build/startup_stm32f30x.o
ADC3_IRQHandler                                   build/startup_stm32f30x.o
ADC4_IRQHandler                                   build/startup_stm32f30x.o
ADC_AnalogWatchdog1SingleChannelConfig            build/stm32f30x_adc.o
ADC_AnalogWatchdog1ThresholdsConfig               build/stm32f30x_adc.o
ADC_AnalogWatchdog2SingleChannelConfig            build/stm32f30x_adc.o
ADC_AnalogWatchdog2ThresholdsConfig               build/stm32f30x_adc.o
ADC_AnalogWatchdog3SingleChannelConfig            build/stm32f30x_adc.o
ADC_AnalogWatchdog3ThresholdsConfig               build/stm32f30x_adc.o
ADC_AnalogWatchdogCmd                             build/stm32f30x_adc.o
ADC_AutoDelayCmd                                  build/stm32f30x_adc.o
ADC_AutoInjectedConvCmd                           build/stm32f30x_adc.o
ADC_ChannelOffset1Cmd                             build/stm32f30x_adc.o
ADC_ChannelOffset2Cmd                             build/stm32f30x_adc.o
ADC_ChannelOffset3Cmd                             build/stm32f30x_adc.o
ADC_ChannelOffset4Cmd                             build/stm32f30x_adc.o
ADC_ClearCommonFlag                               build/stm32f30x_adc.o
ADC_ClearFlag                                     build/stm32f30x_adc.o
ADC_ClearITPendingBit                             build/stm32f30x_adc.o
ADC_Cmd                                           build/stm32f30x_adc.o
ADC_CommonInit                                    build/stm32f30x_adc.o
ADC_CommonStructInit                              build/stm32f30x_adc.o
ADC_DMACmd                                        build/stm32f30x_adc.o
ADC_DMAConfig                                     build/stm32f30x_adc.o
ADC_DeInit                                        build/stm32f30x_adc.o
ADC_DisableCmd                                    build/stm32f30x_adc.o
ADC_DiscModeChannelCountConfig                    build/stm32f30x_adc.o
ADC_DiscModeCmd                                   build/stm32f30x_adc.o
ADC_ExternalTriggerConfig                         build/stm32f30x_adc.o
ADC_GetCalibrationStatus                          build/stm32f30x_adc.o
ADC_GetCalibrationValue                           build/stm32f30x_adc.o
ADC_GetCommonFlagStatus                           build/stm32f30x_adc.o
ADC_GetConversionValue                            build/stm32f30x_adc.o
ADC_GetDisableCmdStatus                           build/stm32f30x_adc.o
ADC_GetDualModeConversionValue                    build/stm32f30x_adc.o
ADC_GetFlagStatus                                 build/stm32f30x_adc.o
ADC_GetITStatus                                   build/stm32f30x_adc.o
ADC_GetInjectedConversionValue                    build/stm32f30x_adc.o
ADC_GetStartConversionStatus                      build/stm32f30x_adc.o
ADC_GetStartInjectedConversionStatus              build/stm32f30x_adc.o
ADC_ITConfig                                      build/stm32f30x_adc.o
ADC_Init                                          build/stm32f30x_adc.o
ADC_InjectedChannelSampleTimeConfig               build/stm32f30x_adc.o
ADC_InjectedDiscModeCmd                           build/stm32f30x_adc.o
ADC_InjectedInit                                  build/stm32f30x_adc.o
ADC_InjectedStructInit                            build/stm32f30x_adc.o
ADC_RegularChannelConfig                          build/stm32f30x_adc.o
ADC_RegularChannelSequencerLengthConfig           build/stm32f30x_adc.o
ADC_SelectCalibrationMode                         build/stm32f30x_adc.o
ADC_SelectDifferentialMode                        build/stm32f30x_adc.o
ADC_SelectQueueOfContextMode                      build/stm32f30x_adc.o
ADC_SetCalibrationValue                           build/stm32f30x_adc.o
ADC_SetChannelOffset1                             build/stm32f30x_adc.o
ADC_SetChannelOffset2                             build/stm32f30x_adc.o
ADC_SetChannelOffset3                             build/stm32f30x_adc.o
ADC_SetChannelOffset4                             build/stm32f30x_adc.o
ADC_StartCalibration                              build/stm32f30x_adc.o
ADC_StartConversion                               build/stm32f30x_adc.o
ADC_StartInjectedConversion                       build/stm32f30x_adc.o
ADC_StopConversion                                build/stm32f30x_adc.o
ADC_StopInjectedConversion                        build/stm32f30x_adc.o
ADC_StructInit                                    build/stm32f30x_adc.o
ADC_TempSensorCmd                                 build/stm32f30x_adc.o
ADC_VbatCmd                                       build/stm32f30x_adc.o
ADC_VoltageRegulatorCmd                           build/stm32f30x_adc.o
ADC_VrefintCmd                                    build/stm32f30x_adc.o
AHBPrescTable                                     build/system_stm32f30x.o
BusFault_Handler                                  build/startup_stm32f30x.o
CAN1_RX1_IRQHandler                               build/startup_stm32f30x.o
CAN1_SCE_IRQHandler                               build/startup_stm32f30x.o
CAN_CancelTransmit                                build/stm32f30x_can.o
CAN_ClearFlag                                     build/stm32f30x_can.o
CAN_ClearITPendingBit                             build/stm32f30x_can.o
CAN_DBGFreeze                                     build/stm32f30x_can.o
CAN_DeInit                                        build/stm32f30x_can.o
CAN_FIFORelease                                   build/stm32f30x_can.o
CAN_FilterInit                                    build/stm32f30x_can.o
CAN_GetFlagStatus                                 build/stm32f30x_can.o
CAN_GetITStatus                                   build/stm32f30x_can.o
CAN_GetLSBTransmitErrorCounter                    build/stm32f30x_can.o
CAN_GetLastErrorCode                              build/stm32f30x_can.o
CAN_GetReceiveErrorCounter                        build/stm32f30x_can.o
CAN_ITConfig                                      build/stm32f30x_can.o
CAN_Init                                          build/stm32f30x_can.o
CAN_MessagePending                                build/stm32f30x_can.o
CAN_OperatingModeRequest                          build/stm32f30x_can.o
CAN_Receive                                       build/stm32f30x_can.o
CAN_SlaveStartBank                                build/stm32f30x_can.o
CAN_Sleep                                         build/stm32f30x_can.o
CAN_StructInit                                    build/stm32f30x_can.o
CAN_TTComModeCmd                                  build/stm32f30x_can.o
CAN_Transmit                                      build/stm32f30x_can.o
CAN_TransmitStatus                                build/stm32f30x_can.o
CAN_WakeUp                                        build/stm32f30x_can.o
COMP1_2_3_IRQHandler                              build/startup_stm32f30x.o
COMP4_5_6_IRQHandler                              build/startup_stm32f30x.o
COMP7_IRQHandler                                  build/startup_stm32f30x.o
COMP_Cmd                                          build/stm32f30x_comp.o
COMP_DeInit                                       build/stm32f30x_comp.o
COMP_GetOutputLevel                               build/stm32f30x_comp.o
COMP_Init                                         build/stm32f30x_comp.o
COMP_LockConfig                                   build/stm32f30x_comp.o
COMP_StructInit                                   build/stm32f30x_comp.o
COMP_SwitchCmd                                    build/stm32f30x_comp.o
COMP_WindowCmd                                    build/stm32f30x_comp.o
DMA1_Channel1_IRQHandler                          build/startup_stm32f30x.o
DMA1_Channel2_IRQHandler                          build/startup_stm32f30x.o
DMA1_Channel3_IRQHandler                          build/startup_stm32f30x.o
DMA1_Channel4_IRQHandler                          build/startup_stm32f30x.o
DMA1_Channel5_IRQHandler                          build/startup_stm32f30x.o
DMA1_Channel6_IRQHandler                          build/startup_stm32f30x.o
DMA1_Channel7_IRQHandler                          build/startup_stm32f30x.o
DMA2_Channel1_IRQHandler                          build/startup_stm32f30x.o
DMA2_Channel2_IRQHandler                          build/startup_stm32f30x.o
DMA2_Channel3_IRQHandler                          build/startup_stm32f30x.o
DMA2_Channel4_IRQHandler                          build/startup_stm32f30x.o
DMA2_Channel5_IRQHandler                          build/startup_stm32f30x.o
DebugMon_Handler                                  build/startup_stm32f30x.o
EXTI0_IRQHandler                                  build/startup_stm32f30x.o
EXTI15_10_IRQHandler                              build/startup_stm32f30x.o
EXTI1_IRQHandler                                  build/startup_stm32f30x.o
EXTI2_TS_IRQHandler                               build/startup_stm32f30x.o
EXTI3_IRQHandler                                  build/startup_stm32f30x.o
EXTI4_IRQHandler                                  build/startup_stm32f30x.o
EXTI9_5_IRQHandler                                build/startup_stm32f30x.o
FLASH_IRQHandler                                  build/startup_stm32f30x.o
FPU_IRQHandler                                    build/startup_stm32f30x.o
GPIO_DeInit                                       build/stm32f30x_gpio.o
GPIO_Init                                         build/stm32f30x_gpio.o
                                                  /tmp/cckB1qsp.ltrans0.ltrans.o
                                                  build/platform.o (symbol from plugin)
GPIO_PinAFConfig                                  build/stm32f30x_gpio.o
                                                  /tmp/cckB1qsp.ltrans0.ltrans.o
                                                  build/platform.o (symbol from plugin)
GPIO_PinLockConfig                                build/stm32f30x_gpio.o
GPIO_ReadInputData                                build/stm32f30x_gpio.o
GPIO_ReadInputDataBit                             build/stm32f30x_gpio.o
GPIO_ReadOutputData                               build/stm32f30x_gpio.o
GPIO_ReadOutputDataBit                            build/stm32f30x_gpio.o
GPIO_ResetBits                                    build/stm32f30x_gpio.o
GPIO_SetBits                                      build/stm32f30x_gpio.o
                                                  /tmp/cckB1qsp.ltrans0.ltrans.o
                                                  build/platform.o (symbol from plugin)
GPIO_StructInit                                   build/stm32f30x_gpio.o
GPIO_Write                                        build/stm32f30x_gpio.o
GPIO_WriteBit                                     build/stm32f30x_gpio.o
HardFault_Handler                                 build/startup_stm32f30x.o
I2C1_ER_IRQHandler                                build/startup_stm32f30x.o
I2C1_EV_IRQHandler                                build/startup_stm32f30x.o
I2C2_ER_IRQHandler                                build/startup_stm32f30x.o
I2C2_EV_IRQHandler                                build/startup_stm32f30x.o
I2S_Cmd                                           build/stm32f30x_spi.o
I2S_FullDuplexConfig                              build/stm32f30x_spi.o
I2S_Init                                          build/stm32f30x_spi.o
I2S_StructInit                                    build/stm32f30x_spi.o
MemManage_Handler                                 build/startup_stm32f30x.o
NMI_Handler                                       build/startup_stm32f30x.o
PVD_IRQHandler                                    build/startup_stm32f30x.o
PendSV_Handler                                    build/startup_stm32f30x.o
Platform::led_init()                              build/platform.o (symbol from plugin)
                                                  build/system.o (symbol from plugin)
Platform::spi_init()                              build/platform.o (symbol from plugin)
Platform::systick_timer_init()                    build/platform.o (symbol from plugin)
                                                  build/system.o (symbol from plugin)
Platform::toggle_led()                            build/platform.o (symbol from plugin)
                                                  build/system.o (symbol from plugin)
RCC_ADCCLKConfig                                  build/stm32f30x_rcc.o
RCC_AHBPeriphClockCmd                             build/stm32f30x_rcc.o
                                                  /tmp/cckB1qsp.ltrans0.ltrans.o
                                                  build/platform.o (symbol from plugin)
RCC_AHBPeriphResetCmd                             build/stm32f30x_rcc.o
                                                  build/stm32f30x_gpio.o
                                                  build/stm32f30x_adc.o
RCC_APB1PeriphClockCmd                            build/stm32f30x_rcc.o
                                                  /tmp/cckB1qsp.ltrans0.ltrans.o
                                                  build/platform.o (symbol from plugin)
RCC_APB1PeriphResetCmd                            build/stm32f30x_rcc.o
                                                  build/stm32f30x_spi.o
                                                  build/stm32f30x_tim.o
                                                  build/stm32f30x_can.o
RCC_APB2PeriphClockCmd                            build/stm32f30x_rcc.o
RCC_APB2PeriphResetCmd                            build/stm32f30x_rcc.o
                                                  build/stm32f30x_spi.o
                                                  build/stm32f30x_tim.o
RCC_AdjustHSICalibrationValue                     build/stm32f30x_rcc.o
RCC_BackupResetCmd                                build/stm32f30x_rcc.o
RCC_ClearFlag                                     build/stm32f30x_rcc.o
RCC_ClearITPendingBit                             build/stm32f30x_rcc.o
RCC_ClockSecuritySystemCmd                        build/stm32f30x_rcc.o
RCC_DeInit                                        build/stm32f30x_rcc.o
RCC_GetClocksFreq                                 build/stm32f30x_rcc.o
                                                  build/stm32f30x_spi.o
RCC_GetFlagStatus                                 build/stm32f30x_rcc.o
RCC_GetITStatus                                   build/stm32f30x_rcc.o
RCC_GetSYSCLKSource                               build/stm32f30x_rcc.o
RCC_HCLKConfig                                    build/stm32f30x_rcc.o
RCC_HSEConfig                                     build/stm32f30x_rcc.o
RCC_HSICmd                                        build/stm32f30x_rcc.o
RCC_I2CCLKConfig                                  build/stm32f30x_rcc.o
RCC_I2SCLKConfig                                  build/stm32f30x_rcc.o
RCC_IRQHandler                                    build/startup_stm32f30x.o
RCC_ITConfig                                      build/stm32f30x_rcc.o
RCC_LSEConfig                                     build/stm32f30x_rcc.o
RCC_LSEDriveConfig                                build/stm32f30x_rcc.o
RCC_LSICmd                                        build/stm32f30x_rcc.o
RCC_MCOConfig                                     build/stm32f30x_rcc.o
RCC_PCLK1Config                                   build/stm32f30x_rcc.o
RCC_PCLK2Config                                   build/stm32f30x_rcc.o
RCC_PLLCmd                                        build/stm32f30x_rcc.o
RCC_PLLConfig                                     build/stm32f30x_rcc.o
RCC_PREDIV1Config                                 build/stm32f30x_rcc.o
RCC_RTCCLKCmd                                     build/stm32f30x_rcc.o
RCC_RTCCLKConfig                                  build/stm32f30x_rcc.o
RCC_SYSCLKConfig                                  build/stm32f30x_rcc.o
RCC_TIMCLKConfig                                  build/stm32f30x_rcc.o
RCC_USARTCLKConfig                                build/stm32f30x_rcc.o
RCC_USBCLKConfig                                  build/stm32f30x_rcc.o
RCC_WaitForHSEStartUp                             build/stm32f30x_rcc.o
RTC_Alarm_IRQHandler                              build/startup_stm32f30x.o
RTC_WKUP_IRQHandler                               build/startup_stm32f30x.o
Reset_Handler                                     build/startup_stm32f30x.o
SPI1_IRQHandler                                   build/startup_stm32f30x.o
SPI2_IRQHandler                                   build/startup_stm32f30x.o
SPI3_IRQHandler                                   build/startup_stm32f30x.o
SPI_BiDirectionalLineConfig                       build/stm32f30x_spi.o
SPI_CRCLengthConfig                               build/stm32f30x_spi.o
SPI_CalculateCRC                                  build/stm32f30x_spi.o
SPI_Cmd                                           build/stm32f30x_spi.o
                                                  /tmp/cckB1qsp.ltrans0.ltrans.o
                                                  build/platform.o (symbol from plugin)
SPI_DataSizeConfig                                build/stm32f30x_spi.o
SPI_GetCRC                                        build/stm32f30x_spi.o
SPI_GetCRCPolynomial                              build/stm32f30x_spi.o
SPI_GetReceptionFIFOStatus                        build/stm32f30x_spi.o
SPI_GetTransmissionFIFOStatus                     build/stm32f30x_spi.o
SPI_I2S_ClearFlag                                 build/stm32f30x_spi.o
SPI_I2S_DMACmd                                    build/stm32f30x_spi.o
SPI_I2S_DeInit                                    build/stm32f30x_spi.o
SPI_I2S_GetFlagStatus                             build/stm32f30x_spi.o
SPI_I2S_GetITStatus                               build/stm32f30x_spi.o
SPI_I2S_ITConfig                                  build/stm32f30x_spi.o
SPI_I2S_ReceiveData16                             build/stm32f30x_spi.o
SPI_I2S_SendData16                                build/stm32f30x_spi.o
SPI_Init                                          build/stm32f30x_spi.o
                                                  /tmp/cckB1qsp.ltrans0.ltrans.o
                                                  build/platform.o (symbol from plugin)
SPI_LastDMATransferCmd                            build/stm32f30x_spi.o
SPI_NSSInternalSoftwareConfig                     build/stm32f30x_spi.o
                                                  /tmp/cckB1qsp.ltrans0.ltrans.o
                                                  build/platform.o (symbol from plugin)
SPI_NSSPulseModeCmd                               build/stm32f30x_spi.o
SPI_ReceiveData8                                  build/stm32f30x_spi.o
SPI_RxFIFOThresholdConfig                         build/stm32f30x_spi.o
SPI_SSOutputCmd                                   build/stm32f30x_spi.o
SPI_SendData8                                     build/stm32f30x_spi.o
SPI_StructInit                                    build/stm32f30x_spi.o
SPI_TIModeCmd                                     build/stm32f30x_spi.o
SPI_TransmitCRC                                   build/stm32f30x_spi.o
SVC_Handler                                       build/startup_stm32f30x.o
SysTick_Handler                                   /tmp/cckB1qsp.ltrans0.ltrans.o
                                                  build/startup_stm32f30x.o
                                                  build/system.o (symbol from plugin)
System::System()                                  build/system.o (symbol from plugin)
                                                  build/main.o (symbol from plugin)
System::System()                                  build/system.o (symbol from plugin)
System::led_toggle()                              build/system.o (symbol from plugin)
System::non_blocking_wait_ms(WaitData*)           build/system.o (symbol from plugin)
System::sys_time_ms                               build/system.o (symbol from plugin)
System::toggle_led_periodically(unsigned long)    build/system.o (symbol from plugin)
                                                  build/main.o (symbol from plugin)
System::~System()                                 build/system.o (symbol from plugin)
System::~System()                                 build/system.o (symbol from plugin)
SystemCoreClock                                   build/system_stm32f30x.o
                                                  /tmp/cckB1qsp.ltrans0.ltrans.o
                                                  build/platform.o (symbol from plugin)
SystemCoreClockUpdate                             build/system_stm32f30x.o
                                                  /tmp/cckB1qsp.ltrans0.ltrans.o
                                                  build/platform.o (symbol from plugin)
SystemInit                                        build/system_stm32f30x.o
                                                  build/startup_stm32f30x.o
TAMPER_STAMP_IRQHandler                           build/startup_stm32f30x.o
TIM1_BRK_TIM15_IRQHandler                         build/startup_stm32f30x.o
TIM1_CC_IRQHandler                                build/startup_stm32f30x.o
TIM1_TRG_COM_TIM17_IRQHandler                     build/startup_stm32f30x.o
TIM1_UP_TIM16_IRQHandler                          build/startup_stm32f30x.o
TIM2_IRQHandler                                   build/startup_stm32f30x.o
TIM3_IRQHandler                                   build/startup_stm32f30x.o
TIM4_IRQHandler                                   build/startup_stm32f30x.o
TIM6_DAC_IRQHandler                               build/startup_stm32f30x.o
TIM7_IRQHandler                                   build/startup_stm32f30x.o
TIM8_BRK_IRQHandler                               build/startup_stm32f30x.o
TIM8_CC_IRQHandler                                build/startup_stm32f30x.o
TIM8_TRG_COM_IRQHandler                           build/startup_stm32f30x.o
TIM8_UP_IRQHandler                                build/startup_stm32f30x.o
TIM_ARRPreloadConfig                              build/stm32f30x_tim.o
TIM_BDTRConfig                                    build/stm32f30x_tim.o
TIM_BDTRStructInit                                build/stm32f30x_tim.o
TIM_Break1Cmd                                     build/stm32f30x_tim.o
TIM_Break1Config                                  build/stm32f30x_tim.o
TIM_Break2Cmd                                     build/stm32f30x_tim.o
TIM_Break2Config                                  build/stm32f30x_tim.o
TIM_CCPreloadControl                              build/stm32f30x_tim.o
TIM_CCxCmd                                        build/stm32f30x_tim.o
TIM_CCxNCmd                                       build/stm32f30x_tim.o
TIM_ClearFlag                                     build/stm32f30x_tim.o
TIM_ClearITPendingBit                             build/stm32f30x_tim.o
TIM_ClearOC1Ref                                   build/stm32f30x_tim.o
TIM_ClearOC2Ref                                   build/stm32f30x_tim.o
TIM_ClearOC3Ref                                   build/stm32f30x_tim.o
TIM_ClearOC4Ref                                   build/stm32f30x_tim.o
TIM_ClearOC5Ref                                   build/stm32f30x_tim.o
TIM_ClearOC6Ref                                   build/stm32f30x_tim.o
TIM_Cmd                                           build/stm32f30x_tim.o
TIM_CounterModeConfig                             build/stm32f30x_tim.o
TIM_CtrlPWMOutputs                                build/stm32f30x_tim.o
TIM_DMACmd                                        build/stm32f30x_tim.o
TIM_DMAConfig                                     build/stm32f30x_tim.o
TIM_DeInit                                        build/stm32f30x_tim.o
TIM_ETRClockMode1Config                           build/stm32f30x_tim.o
TIM_ETRClockMode2Config                           build/stm32f30x_tim.o
TIM_ETRConfig                                     build/stm32f30x_tim.o
TIM_EncoderInterfaceConfig                        build/stm32f30x_tim.o
TIM_ForcedOC1Config                               build/stm32f30x_tim.o
TIM_ForcedOC2Config                               build/stm32f30x_tim.o
TIM_ForcedOC3Config                               build/stm32f30x_tim.o
TIM_ForcedOC4Config                               build/stm32f30x_tim.o
TIM_ForcedOC5Config                               build/stm32f30x_tim.o
TIM_ForcedOC6Config                               build/stm32f30x_tim.o
TIM_GenerateEvent                                 build/stm32f30x_tim.o
TIM_GetCapture1                                   build/stm32f30x_tim.o
TIM_GetCapture2                                   build/stm32f30x_tim.o
TIM_GetCapture3                                   build/stm32f30x_tim.o
TIM_GetCapture4                                   build/stm32f30x_tim.o
TIM_GetCounter                                    build/stm32f30x_tim.o
TIM_GetFlagStatus                                 build/stm32f30x_tim.o
TIM_GetITStatus                                   build/stm32f30x_tim.o
TIM_GetPrescaler                                  build/stm32f30x_tim.o
TIM_ICInit                                        build/stm32f30x_tim.o
TIM_ICStructInit                                  build/stm32f30x_tim.o
TIM_ITConfig                                      build/stm32f30x_tim.o
TIM_ITRxExternalClockConfig                       build/stm32f30x_tim.o
TIM_InternalClockConfig                           build/stm32f30x_tim.o
TIM_OC1FastConfig                                 build/stm32f30x_tim.o
TIM_OC1Init                                       build/stm32f30x_tim.o
TIM_OC1NPolarityConfig                            build/stm32f30x_tim.o
TIM_OC1PolarityConfig                             build/stm32f30x_tim.o
TIM_OC1PreloadConfig                              build/stm32f30x_tim.o
TIM_OC2FastConfig                                 build/stm32f30x_tim.o
TIM_OC2Init                                       build/stm32f30x_tim.o
TIM_OC2NPolarityConfig                            build/stm32f30x_tim.o
TIM_OC2PolarityConfig                             build/stm32f30x_tim.o
TIM_OC2PreloadConfig                              build/stm32f30x_tim.o
TIM_OC3FastConfig                                 build/stm32f30x_tim.o
TIM_OC3Init                                       build/stm32f30x_tim.o
TIM_OC3NPolarityConfig                            build/stm32f30x_tim.o
TIM_OC3PolarityConfig                             build/stm32f30x_tim.o
TIM_OC3PreloadConfig                              build/stm32f30x_tim.o
TIM_OC4FastConfig                                 build/stm32f30x_tim.o
TIM_OC4Init                                       build/stm32f30x_tim.o
TIM_OC4PolarityConfig                             build/stm32f30x_tim.o
TIM_OC4PreloadConfig                              build/stm32f30x_tim.o
TIM_OC5Init                                       build/stm32f30x_tim.o
TIM_OC5PolarityConfig                             build/stm32f30x_tim.o
TIM_OC5PreloadConfig                              build/stm32f30x_tim.o
TIM_OC6Init                                       build/stm32f30x_tim.o
TIM_OC6PolarityConfig                             build/stm32f30x_tim.o
TIM_OC6PreloadConfig                              build/stm32f30x_tim.o
TIM_OCStructInit                                  build/stm32f30x_tim.o
TIM_PWMIConfig                                    build/stm32f30x_tim.o
TIM_PrescalerConfig                               build/stm32f30x_tim.o
TIM_RemapConfig                                   build/stm32f30x_tim.o
TIM_SelectCCDMA                                   build/stm32f30x_tim.o
TIM_SelectCOM                                     build/stm32f30x_tim.o
TIM_SelectGC5C1                                   build/stm32f30x_tim.o
TIM_SelectGC5C2                                   build/stm32f30x_tim.o
TIM_SelectGC5C3                                   build/stm32f30x_tim.o
TIM_SelectHallSensor                              build/stm32f30x_tim.o
TIM_SelectInputTrigger                            build/stm32f30x_tim.o
TIM_SelectMasterSlaveMode                         build/stm32f30x_tim.o
TIM_SelectOCREFClear                              build/stm32f30x_tim.o
TIM_SelectOCxM                                    build/stm32f30x_tim.o
TIM_SelectOnePulseMode                            build/stm32f30x_tim.o
TIM_SelectOutputTrigger                           build/stm32f30x_tim.o
TIM_SelectOutputTrigger2                          build/stm32f30x_tim.o
TIM_SelectSlaveMode                               build/stm32f30x_tim.o
TIM_SetAutoreload                                 build/stm32f30x_tim.o
TIM_SetClockDivision                              build/stm32f30x_tim.o
TIM_SetCompare1                                   build/stm32f30x_tim.o
TIM_SetCompare2                                   build/stm32f30x_tim.o
TIM_SetCompare3                                   build/stm32f30x_tim.o
TIM_SetCompare4                                   build/stm32f30x_tim.o
TIM_SetCompare5                                   build/stm32f30x_tim.o
TIM_SetCompare6                                   build/stm32f30x_tim.o
TIM_SetCounter                                    build/stm32f30x_tim.o
TIM_SetIC1Prescaler                               build/stm32f30x_tim.o
TIM_SetIC2Prescaler                               build/stm32f30x_tim.o
TIM_SetIC3Prescaler                               build/stm32f30x_tim.o
TIM_SetIC4Prescaler                               build/stm32f30x_tim.o
TIM_TIxExternalClockConfig                        build/stm32f30x_tim.o
TIM_TimeBaseInit                                  build/stm32f30x_tim.o
TIM_TimeBaseStructInit                            build/stm32f30x_tim.o
TIM_UIFRemap                                      build/stm32f30x_tim.o
TIM_UpdateDisableConfig                           build/stm32f30x_tim.o
TIM_UpdateRequestConfig                           build/stm32f30x_tim.o
UART4_IRQHandler                                  build/startup_stm32f30x.o
UART5_IRQHandler                                  build/startup_stm32f30x.o
USART1_IRQHandler                                 build/startup_stm32f30x.o
USART2_IRQHandler                                 build/startup_stm32f30x.o
USART3_IRQHandler                                 build/startup_stm32f30x.o
USBWakeUp_IRQHandler                              build/startup_stm32f30x.o
USBWakeUp_RMP_IRQHandler                          build/startup_stm32f30x.o
USB_HP_CAN1_TX_IRQHandler                         build/startup_stm32f30x.o
USB_HP_IRQHandler                                 build/startup_stm32f30x.o
USB_LP_CAN1_RX0_IRQHandler                        build/startup_stm32f30x.o
USB_LP_IRQHandler                                 build/startup_stm32f30x.o
UsageFault_Handler                                build/startup_stm32f30x.o
WWDG_IRQHandler                                   build/startup_stm32f30x.o
_Jv_RegisterClasses                               /home/vanchutin/gcc-arm-none-eabi-5_4-2017q2/bin/../lib/gcc/arm-none-eabi/5.4.1/armv7e-m/fpu/crtbegin.o
__HeapBase                                        build/startup_stm32f30x.o
__HeapLimit                                       build/startup_stm32f30x.o
__StackLimit                                      build/startup_stm32f30x.o
__StackTop                                        build/startup_stm32f30x.o
__bss_end__                                       build/startup_stm32f30x.o
                                                  /home/vanchutin/gcc-arm-none-eabi-5_4-2017q2/bin/../lib/gcc/arm-none-eabi/5.4.1/../../../../arm-none-eabi/lib/armv7e-m/fpu/crt0.o
__bss_start__                                     build/startup_stm32f30x.o
                                                  /home/vanchutin/gcc-arm-none-eabi-5_4-2017q2/bin/../lib/gcc/arm-none-eabi/5.4.1/../../../../arm-none-eabi/lib/armv7e-m/fpu/crt0.o
__call_exitprocs                                  /home/vanchutin/gcc-arm-none-eabi-5_4-2017q2/bin/../lib/gcc/arm-none-eabi/5.4.1/../../../../arm-none-eabi/lib/armv7e-m/fpu/libc_nano.a(lib_a-exit.o)
__cxa_deleted_virtual                             /home/vanchutin/gcc-arm-none-eabi-5_4-2017q2/bin/../lib/gcc/arm-none-eabi/5.4.1/../../../../arm-none-eabi/lib/armv7e-m/fpu/libstdc++_nano.a(pure.o)
__cxa_guard_abort                                 /home/vanchutin/gcc-arm-none-eabi-5_4-2017q2/bin/../lib/gcc/arm-none-eabi/5.4.1/../../../../arm-none-eabi/lib/armv7e-m/fpu/libstdc++_nano.a(guard.o)
__cxa_guard_acquire                               /home/vanchutin/gcc-arm-none-eabi-5_4-2017q2/bin/../lib/gcc/arm-none-eabi/5.4.1/../../../../arm-none-eabi/lib/armv7e-m/fpu/libstdc++_nano.a(guard.o)
                                                  /tmp/cckB1qsp.ltrans0.ltrans.o
                                                  build/system.o (symbol from plugin)
__cxa_guard_release                               /home/vanchutin/gcc-arm-none-eabi-5_4-2017q2/bin/../lib/gcc/arm-none-eabi/5.4.1/../../../../arm-none-eabi/lib/armv7e-m/fpu/libstdc++_nano.a(guard.o)
                                                  /tmp/cckB1qsp.ltrans0.ltrans.o
                                                  build/system.o (symbol from plugin)
__cxa_pure_virtual                                /home/vanchutin/gcc-arm-none-eabi-5_4-2017q2/bin/../lib/gcc/arm-none-eabi/5.4.1/../../../../arm-none-eabi/lib/armv7e-m/fpu/libstdc++_nano.a(pure.o)
                                                  /tmp/cckB1qsp.ltrans0.ltrans.o
                                                  build/system.o (symbol from plugin)
__cxxabiv1::__terminate(void (*)())               /home/vanchutin/gcc-arm-none-eabi-5_4-2017q2/bin/../lib/gcc/arm-none-eabi/5.4.1/../../../../arm-none-eabi/lib/armv7e-m/fpu/libstdc++_nano.a(eh_terminate.o)
__cxxabiv1::__terminate_handler                   /home/vanchutin/gcc-arm-none-eabi-5_4-2017q2/bin/../lib/gcc/arm-none-eabi/5.4.1/../../../../arm-none-eabi/lib/armv7e-m/fpu/libstdc++_nano.a(eh_term_handler.o)
                                                  /home/vanchutin/gcc-arm-none-eabi-5_4-2017q2/bin/../lib/gcc/arm-none-eabi/5.4.1/../../../../arm-none-eabi/lib/armv7e-m/fpu/libstdc++_nano.a(eh_terminate.o)
__cxxabiv1::__unexpected(void (*)())              /home/vanchutin/gcc-arm-none-eabi-5_4-2017q2/bin/../lib/gcc/arm-none-eabi/5.4.1/../../../../arm-none-eabi/lib/armv7e-m/fpu/libstdc++_nano.a(eh_terminate.o)
__cxxabiv1::__unexpected_handler                  /home/vanchutin/gcc-arm-none-eabi-5_4-2017q2/bin/../lib/gcc/arm-none-eabi/5.4.1/../../../../arm-none-eabi/lib/armv7e-m/fpu/libstdc++_nano.a(eh_unex_handler.o)
                                                  /home/vanchutin/gcc-arm-none-eabi-5_4-2017q2/bin/../lib/gcc/arm-none-eabi/5.4.1/../../../../arm-none-eabi/lib/armv7e-m/fpu/libstdc++_nano.a(eh_terminate.o)
__data_end__                                      build/startup_stm32f30x.o
__data_start__                                    build/startup_stm32f30x.o
__deregister_frame_info                           /home/vanchutin/gcc-arm-none-eabi-5_4-2017q2/bin/../lib/gcc/arm-none-eabi/5.4.1/armv7e-m/fpu/crtbegin.o
__dso_handle                                      /home/vanchutin/gcc-arm-none-eabi-5_4-2017q2/bin/../lib/gcc/arm-none-eabi/5.4.1/armv7e-m/fpu/crtbegin.o
__etext                                           build/startup_stm32f30x.o
__init_array_end                                  /home/vanchutin/gcc-arm-none-eabi-5_4-2017q2/bin/../lib/gcc/arm-none-eabi/5.4.1/../../../../arm-none-eabi/lib/armv7e-m/fpu/libc_nano.a(lib_a-init.o)
__init_array_start                                /home/vanchutin/gcc-arm-none-eabi-5_4-2017q2/bin/../lib/gcc/arm-none-eabi/5.4.1/../../../../arm-none-eabi/lib/armv7e-m/fpu/libc_nano.a(lib_a-init.o)
__isr_vector                                      build/startup_stm32f30x.o
__libc_fini_array                                 /home/vanchutin/gcc-arm-none-eabi-5_4-2017q2/bin/../lib/gcc/arm-none-eabi/5.4.1/../../../../arm-none-eabi/lib/armv7e-m/fpu/crt0.o
__libc_init_array                                 /home/vanchutin/gcc-arm-none-eabi-5_4-2017q2/bin/../lib/gcc/arm-none-eabi/5.4.1/../../../../arm-none-eabi/lib/armv7e-m/fpu/libc_nano.a(lib_a-init.o)
                                                  /home/vanchutin/gcc-arm-none-eabi-5_4-2017q2/bin/../lib/gcc/arm-none-eabi/5.4.1/../../../../arm-none-eabi/lib/armv7e-m/fpu/crt0.o
__malloc_free_list                                /home/vanchutin/gcc-arm-none-eabi-5_4-2017q2/bin/../lib/gcc/arm-none-eabi/5.4.1/../../../../arm-none-eabi/lib/armv7e-m/fpu/libc_nano.a(lib_a-nano-mallocr.o)
                                                  /home/vanchutin/gcc-arm-none-eabi-5_4-2017q2/bin/../lib/gcc/arm-none-eabi/5.4.1/../../../../arm-none-eabi/lib/armv7e-m/fpu/libc_nano.a(lib_a-nano-freer.o)
__malloc_lock                                     /home/vanchutin/gcc-arm-none-eabi-5_4-2017q2/bin/../lib/gcc/arm-none-eabi/5.4.1/../../../../arm-none-eabi/lib/armv7e-m/fpu/libc_nano.a(lib_a-mlock.o)
                                                  /home/vanchutin/gcc-arm-none-eabi-5_4-2017q2/bin/../lib/gcc/arm-none-eabi/5.4.1/../../../../arm-none-eabi/lib/armv7e-m/fpu/libc_nano.a(lib_a-nano-freer.o)
                                                  /home/vanchutin/gcc-arm-none-eabi-5_4-2017q2/bin/../lib/gcc/arm-none-eabi/5.4.1/../../../../arm-none-eabi/lib/armv7e-m/fpu/libc_nano.a(lib_a-nano-mallocr.o)
__malloc_sbrk_start                               /home/vanchutin/gcc-arm-none-eabi-5_4-2017q2/bin/../lib/gcc/arm-none-eabi/5.4.1/../../../../arm-none-eabi/lib/armv7e-m/fpu/libc_nano.a(lib_a-nano-mallocr.o)
__malloc_unlock                                   /home/vanchutin/gcc-arm-none-eabi-5_4-2017q2/bin/../lib/gcc/arm-none-eabi/5.4.1/../../../../arm-none-eabi/lib/armv7e-m/fpu/libc_nano.a(lib_a-mlock.o)
                                                  /home/vanchutin/gcc-arm-none-eabi-5_4-2017q2/bin/../lib/gcc/arm-none-eabi/5.4.1/../../../../arm-none-eabi/lib/armv7e-m/fpu/libc_nano.a(lib_a-nano-freer.o)
                                                  /home/vanchutin/gcc-arm-none-eabi-5_4-2017q2/bin/../lib/gcc/arm-none-eabi/5.4.1/../../../../arm-none-eabi/lib/armv7e-m/fpu/libc_nano.a(lib_a-nano-mallocr.o)
__preinit_array_end                               /home/vanchutin/gcc-arm-none-eabi-5_4-2017q2/bin/../lib/gcc/arm-none-eabi/5.4.1/../../../../arm-none-eabi/lib/armv7e-m/fpu/libc_nano.a(lib_a-init.o)
__preinit_array_start                             /home/vanchutin/gcc-arm-none-eabi-5_4-2017q2/bin/../lib/gcc/arm-none-eabi/5.4.1/../../../../arm-none-eabi/lib/armv7e-m/fpu/libc_nano.a(lib_a-init.o)
__register_frame_info                             /home/vanchutin/gcc-arm-none-eabi-5_4-2017q2/bin/../lib/gcc/arm-none-eabi/5.4.1/armv7e-m/fpu/crtbegin.o
__sf_fake_stderr                                  /home/vanchutin/gcc-arm-none-eabi-5_4-2017q2/bin/../lib/gcc/arm-none-eabi/5.4.1/../../../../arm-none-eabi/lib/armv7e-m/fpu/libc_nano.a(lib_a-impure.o)
__sf_fake_stdin                                   /home/vanchutin/gcc-arm-none-eabi-5_4-2017q2/bin/../lib/gcc/arm-none-eabi/5.4.1/../../../../arm-none-eabi/lib/armv7e-m/fpu/libc_nano.a(lib_a-impure.o)
__sf_fake_stdout                                  /home/vanchutin/gcc-arm-none-eabi-5_4-2017q2/bin/../lib/gcc/arm-none-eabi/5.4.1/../../../../arm-none-eabi/lib/armv7e-m/fpu/libc_nano.a(lib_a-impure.o)
__sigtramp                                        /home/vanchutin/gcc-arm-none-eabi-5_4-2017q2/bin/../lib/gcc/arm-none-eabi/5.4.1/../../../../arm-none-eabi/lib/armv7e-m/fpu/libc_nano.a(lib_a-signal.o)
__sigtramp_r                                      /home/vanchutin/gcc-arm-none-eabi-5_4-2017q2/bin/../lib/gcc/arm-none-eabi/5.4.1/../../../../arm-none-eabi/lib/armv7e-m/fpu/libc_nano.a(lib_a-signal.o)
__stack                                           /home/vanchutin/gcc-arm-none-eabi-5_4-2017q2/bin/../lib/gcc/arm-none-eabi/5.4.1/../../../../arm-none-eabi/lib/armv7e-m/fpu/crt0.o
_exit                                             /home/vanchutin/gcc-arm-none-eabi-5_4-2017q2/bin/../lib/gcc/arm-none-eabi/5.4.1/../../../../arm-none-eabi/lib/armv7e-m/fpu/libnosys.a(_exit.o)
                                                  /home/vanchutin/gcc-arm-none-eabi-5_4-2017q2/bin/../lib/gcc/arm-none-eabi/5.4.1/../../../../arm-none-eabi/lib/armv7e-m/fpu/libc_nano.a(lib_a-exit.o)
                                                  /home/vanchutin/gcc-arm-none-eabi-5_4-2017q2/bin/../lib/gcc/arm-none-eabi/5.4.1/../../../../arm-none-eabi/lib/armv7e-m/fpu/libc_nano.a(lib_a-abort.o)
_fini                                             /home/vanchutin/gcc-arm-none-eabi-5_4-2017q2/bin/../lib/gcc/arm-none-eabi/5.4.1/armv7e-m/fpu/crti.o
_free_r                                           /home/vanchutin/gcc-arm-none-eabi-5_4-2017q2/bin/../lib/gcc/arm-none-eabi/5.4.1/../../../../arm-none-eabi/lib/armv7e-m/fpu/libc_nano.a(lib_a-nano-freer.o)
                                                  /home/vanchutin/gcc-arm-none-eabi-5_4-2017q2/bin/../lib/gcc/arm-none-eabi/5.4.1/../../../../arm-none-eabi/lib/armv7e-m/fpu/libc_nano.a(lib_a-reent.o)
_getpid                                           /home/vanchutin/gcc-arm-none-eabi-5_4-2017q2/bin/../lib/gcc/arm-none-eabi/5.4.1/../../../../arm-none-eabi/lib/armv7e-m/fpu/libnosys.a(getpid.o)
                                                  /home/vanchutin/gcc-arm-none-eabi-5_4-2017q2/bin/../lib/gcc/arm-none-eabi/5.4.1/../../../../arm-none-eabi/lib/armv7e-m/fpu/libc_nano.a(lib_a-signalr.o)
_getpid_r                                         /home/vanchutin/gcc-arm-none-eabi-5_4-2017q2/bin/../lib/gcc/arm-none-eabi/5.4.1/../../../../arm-none-eabi/lib/armv7e-m/fpu/libc_nano.a(lib_a-signalr.o)
                                                  /home/vanchutin/gcc-arm-none-eabi-5_4-2017q2/bin/../lib/gcc/arm-none-eabi/5.4.1/../../../../arm-none-eabi/lib/armv7e-m/fpu/libc_nano.a(lib_a-signal.o)
_global_impure_ptr                                /home/vanchutin/gcc-arm-none-eabi-5_4-2017q2/bin/../lib/gcc/arm-none-eabi/5.4.1/../../../../arm-none-eabi/lib/armv7e-m/fpu/libc_nano.a(lib_a-impure.o)
                                                  /home/vanchutin/gcc-arm-none-eabi-5_4-2017q2/bin/../lib/gcc/arm-none-eabi/5.4.1/../../../../arm-none-eabi/lib/armv7e-m/fpu/libc_nano.a(lib_a-exit.o)
_impure_ptr                                       /home/vanchutin/gcc-arm-none-eabi-5_4-2017q2/bin/../lib/gcc/arm-none-eabi/5.4.1/../../../../arm-none-eabi/lib/armv7e-m/fpu/libc_nano.a(lib_a-impure.o)
                                                  /home/vanchutin/gcc-arm-none-eabi-5_4-2017q2/bin/../lib/gcc/arm-none-eabi/5.4.1/../../../../arm-none-eabi/lib/armv7e-m/fpu/libc_nano.a(lib_a-reent.o)
                                                  /home/vanchutin/gcc-arm-none-eabi-5_4-2017q2/bin/../lib/gcc/arm-none-eabi/5.4.1/../../../../arm-none-eabi/lib/armv7e-m/fpu/libc_nano.a(lib_a-signal.o)
_init                                             /home/vanchutin/gcc-arm-none-eabi-5_4-2017q2/bin/../lib/gcc/arm-none-eabi/5.4.1/armv7e-m/fpu/crti.o
                                                  /home/vanchutin/gcc-arm-none-eabi-5_4-2017q2/bin/../lib/gcc/arm-none-eabi/5.4.1/../../../../arm-none-eabi/lib/armv7e-m/fpu/libc_nano.a(lib_a-init.o)
_init_signal                                      /home/vanchutin/gcc-arm-none-eabi-5_4-2017q2/bin/../lib/gcc/arm-none-eabi/5.4.1/../../../../arm-none-eabi/lib/armv7e-m/fpu/libc_nano.a(lib_a-signal.o)
_init_signal_r                                    /home/vanchutin/gcc-arm-none-eabi-5_4-2017q2/bin/../lib/gcc/arm-none-eabi/5.4.1/../../../../arm-none-eabi/lib/armv7e-m/fpu/libc_nano.a(lib_a-signal.o)
_kill                                             /home/vanchutin/gcc-arm-none-eabi-5_4-2017q2/bin/../lib/gcc/arm-none-eabi/5.4.1/../../../../arm-none-eabi/lib/armv7e-m/fpu/libnosys.a(kill.o)
                                                  /home/vanchutin/gcc-arm-none-eabi-5_4-2017q2/bin/../lib/gcc/arm-none-eabi/5.4.1/../../../../arm-none-eabi/lib/armv7e-m/fpu/libc_nano.a(lib_a-signalr.o)
_kill_r                                           /home/vanchutin/gcc-arm-none-eabi-5_4-2017q2/bin/../lib/gcc/arm-none-eabi/5.4.1/../../../../arm-none-eabi/lib/armv7e-m/fpu/libc_nano.a(lib_a-signalr.o)
                                                  /home/vanchutin/gcc-arm-none-eabi-5_4-2017q2/bin/../lib/gcc/arm-none-eabi/5.4.1/../../../../arm-none-eabi/lib/armv7e-m/fpu/libc_nano.a(lib_a-signal.o)
_mainCRTStartup                                   /home/vanchutin/gcc-arm-none-eabi-5_4-2017q2/bin/../lib/gcc/arm-none-eabi/5.4.1/../../../../arm-none-eabi/lib/armv7e-m/fpu/crt0.o
_malloc_r                                         /home/vanchutin/gcc-arm-none-eabi-5_4-2017q2/bin/../lib/gcc/arm-none-eabi/5.4.1/../../../../arm-none-eabi/lib/armv7e-m/fpu/libc_nano.a(lib_a-nano-mallocr.o)
                                                  /home/vanchutin/gcc-arm-none-eabi-5_4-2017q2/bin/../lib/gcc/arm-none-eabi/5.4.1/../../../../arm-none-eabi/lib/armv7e-m/fpu/libc_nano.a(lib_a-signal.o)
_raise_r                                          /home/vanchutin/gcc-arm-none-eabi-5_4-2017q2/bin/../lib/gcc/arm-none-eabi/5.4.1/../../../../arm-none-eabi/lib/armv7e-m/fpu/libc_nano.a(lib_a-signal.o)
_reclaim_reent                                    /home/vanchutin/gcc-arm-none-eabi-5_4-2017q2/bin/../lib/gcc/arm-none-eabi/5.4.1/../../../../arm-none-eabi/lib/armv7e-m/fpu/libc_nano.a(lib_a-reent.o)
_sbrk                                             /home/vanchutin/gcc-arm-none-eabi-5_4-2017q2/bin/../lib/gcc/arm-none-eabi/5.4.1/../../../../arm-none-eabi/lib/armv7e-m/fpu/libnosys.a(sbrk.o)
                                                  /home/vanchutin/gcc-arm-none-eabi-5_4-2017q2/bin/../lib/gcc/arm-none-eabi/5.4.1/../../../../arm-none-eabi/lib/armv7e-m/fpu/libc_nano.a(lib_a-sbrkr.o)
_sbrk_r                                           /home/vanchutin/gcc-arm-none-eabi-5_4-2017q2/bin/../lib/gcc/arm-none-eabi/5.4.1/../../../../arm-none-eabi/lib/armv7e-m/fpu/libc_nano.a(lib_a-sbrkr.o)
                                                  /home/vanchutin/gcc-arm-none-eabi-5_4-2017q2/bin/../lib/gcc/arm-none-eabi/5.4.1/../../../../arm-none-eabi/lib/armv7e-m/fpu/libc_nano.a(lib_a-nano-mallocr.o)
_signal_r                                         /home/vanchutin/gcc-arm-none-eabi-5_4-2017q2/bin/../lib/gcc/arm-none-eabi/5.4.1/../../../../arm-none-eabi/lib/armv7e-m/fpu/libc_nano.a(lib_a-signal.o)
_start                                            /home/vanchutin/gcc-arm-none-eabi-5_4-2017q2/bin/../lib/gcc/arm-none-eabi/5.4.1/../../../../arm-none-eabi/lib/armv7e-m/fpu/crt0.o
abort                                             /home/vanchutin/gcc-arm-none-eabi-5_4-2017q2/bin/../lib/gcc/arm-none-eabi/5.4.1/../../../../arm-none-eabi/lib/armv7e-m/fpu/libc_nano.a(lib_a-abort.o)
                                                  /home/vanchutin/gcc-arm-none-eabi-5_4-2017q2/bin/../lib/gcc/arm-none-eabi/5.4.1/../../../../arm-none-eabi/lib/armv7e-m/fpu/libstdc++_nano.a(eh_term_handler.o)
                                                  /home/vanchutin/gcc-arm-none-eabi-5_4-2017q2/bin/../lib/gcc/arm-none-eabi/5.4.1/../../../../arm-none-eabi/lib/armv7e-m/fpu/libstdc++_nano.a(eh_terminate.o)
atexit                                            /home/vanchutin/gcc-arm-none-eabi-5_4-2017q2/bin/../lib/gcc/arm-none-eabi/5.4.1/../../../../arm-none-eabi/lib/armv7e-m/fpu/crt0.o
cleanup_glue                                      /home/vanchutin/gcc-arm-none-eabi-5_4-2017q2/bin/../lib/gcc/arm-none-eabi/5.4.1/../../../../arm-none-eabi/lib/armv7e-m/fpu/libc_nano.a(lib_a-reent.o)
end                                               /home/vanchutin/gcc-arm-none-eabi-5_4-2017q2/bin/../lib/gcc/arm-none-eabi/5.4.1/../../../../arm-none-eabi/lib/armv7e-m/fpu/libnosys.a(sbrk.o)
errno                                             /home/vanchutin/gcc-arm-none-eabi-5_4-2017q2/bin/../lib/gcc/arm-none-eabi/5.4.1/../../../../arm-none-eabi/lib/armv7e-m/fpu/libc_nano.a(lib_a-reent.o)
                                                  /home/vanchutin/gcc-arm-none-eabi-5_4-2017q2/bin/../lib/gcc/arm-none-eabi/5.4.1/../../../../arm-none-eabi/lib/armv7e-m/fpu/libnosys.a(kill.o)
                                                  /home/vanchutin/gcc-arm-none-eabi-5_4-2017q2/bin/../lib/gcc/arm-none-eabi/5.4.1/../../../../arm-none-eabi/lib/armv7e-m/fpu/libnosys.a(getpid.o)
                                                  /home/vanchutin/gcc-arm-none-eabi-5_4-2017q2/bin/../lib/gcc/arm-none-eabi/5.4.1/../../../../arm-none-eabi/lib/armv7e-m/fpu/libc_nano.a(lib_a-sbrkr.o)
                                                  /home/vanchutin/gcc-arm-none-eabi-5_4-2017q2/bin/../lib/gcc/arm-none-eabi/5.4.1/../../../../arm-none-eabi/lib/armv7e-m/fpu/libc_nano.a(lib_a-signalr.o)
exit                                              /home/vanchutin/gcc-arm-none-eabi-5_4-2017q2/bin/../lib/gcc/arm-none-eabi/5.4.1/../../../../arm-none-eabi/lib/armv7e-m/fpu/libc_nano.a(lib_a-exit.o)
                                                  /home/vanchutin/gcc-arm-none-eabi-5_4-2017q2/bin/../lib/gcc/arm-none-eabi/5.4.1/../../../../arm-none-eabi/lib/armv7e-m/fpu/crt0.o
hardware_init_hook                                /home/vanchutin/gcc-arm-none-eabi-5_4-2017q2/bin/../lib/gcc/arm-none-eabi/5.4.1/../../../../arm-none-eabi/lib/armv7e-m/fpu/crt0.o
main                                              /tmp/cckB1qsp.ltrans0.ltrans.o
                                                  build/main.o (symbol from plugin)
                                                  build/startup_stm32f30x.o
                                                  /home/vanchutin/gcc-arm-none-eabi-5_4-2017q2/bin/../lib/gcc/arm-none-eabi/5.4.1/../../../../arm-none-eabi/lib/armv7e-m/fpu/crt0.o
memset                                            /home/vanchutin/gcc-arm-none-eabi-5_4-2017q2/bin/../lib/gcc/arm-none-eabi/5.4.1/../../../../arm-none-eabi/lib/armv7e-m/fpu/libc_nano.a(lib_a-memset.o)
                                                  /home/vanchutin/gcc-arm-none-eabi-5_4-2017q2/bin/../lib/gcc/arm-none-eabi/5.4.1/../../../../arm-none-eabi/lib/armv7e-m/fpu/crt0.o
raise                                             /home/vanchutin/gcc-arm-none-eabi-5_4-2017q2/bin/../lib/gcc/arm-none-eabi/5.4.1/../../../../arm-none-eabi/lib/armv7e-m/fpu/libc_nano.a(lib_a-signal.o)
                                                  /home/vanchutin/gcc-arm-none-eabi-5_4-2017q2/bin/../lib/gcc/arm-none-eabi/5.4.1/../../../../arm-none-eabi/lib/armv7e-m/fpu/libc_nano.a(lib_a-abort.o)
signal                                            /home/vanchutin/gcc-arm-none-eabi-5_4-2017q2/bin/../lib/gcc/arm-none-eabi/5.4.1/../../../../arm-none-eabi/lib/armv7e-m/fpu/libc_nano.a(lib_a-signal.o)
software_init_hook                                /home/vanchutin/gcc-arm-none-eabi-5_4-2017q2/bin/../lib/gcc/arm-none-eabi/5.4.1/../../../../arm-none-eabi/lib/armv7e-m/fpu/crt0.o
std::get_terminate()                              /home/vanchutin/gcc-arm-none-eabi-5_4-2017q2/bin/../lib/gcc/arm-none-eabi/5.4.1/../../../../arm-none-eabi/lib/armv7e-m/fpu/libstdc++_nano.a(eh_terminate.o)
std::get_unexpected()                             /home/vanchutin/gcc-arm-none-eabi-5_4-2017q2/bin/../lib/gcc/arm-none-eabi/5.4.1/../../../../arm-none-eabi/lib/armv7e-m/fpu/libstdc++_nano.a(eh_terminate.o)
std::set_terminate(void (*)())                    /home/vanchutin/gcc-arm-none-eabi-5_4-2017q2/bin/../lib/gcc/arm-none-eabi/5.4.1/../../../../arm-none-eabi/lib/armv7e-m/fpu/libstdc++_nano.a(eh_terminate.o)
std::set_unexpected(void (*)())                   /home/vanchutin/gcc-arm-none-eabi-5_4-2017q2/bin/../lib/gcc/arm-none-eabi/5.4.1/../../../../arm-none-eabi/lib/armv7e-m/fpu/libstdc++_nano.a(eh_terminate.o)
std::terminate()                                  /home/vanchutin/gcc-arm-none-eabi-5_4-2017q2/bin/../lib/gcc/arm-none-eabi/5.4.1/../../../../arm-none-eabi/lib/armv7e-m/fpu/libstdc++_nano.a(eh_terminate.o)
                                                  /home/vanchutin/gcc-arm-none-eabi-5_4-2017q2/bin/../lib/gcc/arm-none-eabi/5.4.1/../../../../arm-none-eabi/lib/armv7e-m/fpu/libstdc++_nano.a(eh_unex_handler.o)
                                                  /home/vanchutin/gcc-arm-none-eabi-5_4-2017q2/bin/../lib/gcc/arm-none-eabi/5.4.1/../../../../arm-none-eabi/lib/armv7e-m/fpu/libstdc++_nano.a(pure.o)
std::unexpected()                                 /home/vanchutin/gcc-arm-none-eabi-5_4-2017q2/bin/../lib/gcc/arm-none-eabi/5.4.1/../../../../arm-none-eabi/lib/armv7e-m/fpu/libstdc++_nano.a(eh_terminate.o)
vtable for Platform                               build/platform.o (symbol from plugin)
                                                  build/system.o (symbol from plugin)
vtable for PlatformBase                           build/system.o (symbol from plugin)
