Archive member included to satisfy reference by file (symbol)

c:/soft/embitz/1.11/share/em_armgcc/bin/../lib/gcc/arm-none-eabi/5.4.1/../../../../arm-none-eabi/lib/armv7e-m/fpu\libstdc++_s.a(class_type_info.o)
                              obj\debug\src\platforms\alexmos32\platform.o (vtable for __cxxabiv1::__class_type_info)
c:/soft/embitz/1.11/share/em_armgcc/bin/../lib/gcc/arm-none-eabi/5.4.1/../../../../arm-none-eabi/lib/armv7e-m/fpu\libstdc++_s.a(del_op.o)
                              c:/soft/embitz/1.11/share/em_armgcc/bin/../lib/gcc/arm-none-eabi/5.4.1/../../../../arm-none-eabi/lib/armv7e-m/fpu\libstdc++_s.a(class_type_info.o) (operator delete(void*))
c:/soft/embitz/1.11/share/em_armgcc/bin/../lib/gcc/arm-none-eabi/5.4.1/../../../../arm-none-eabi/lib/armv7e-m/fpu\libstdc++_s.a(eh_arm.o)
                              obj\debug\src\main.o (__cxa_end_cleanup)
c:/soft/embitz/1.11/share/em_armgcc/bin/../lib/gcc/arm-none-eabi/5.4.1/../../../../arm-none-eabi/lib/armv7e-m/fpu\libstdc++_s.a(eh_terminate.o)
                              c:/soft/embitz/1.11/share/em_armgcc/bin/../lib/gcc/arm-none-eabi/5.4.1/../../../../arm-none-eabi/lib/armv7e-m/fpu\libstdc++_s.a(eh_arm.o) (std::terminate())
c:/soft/embitz/1.11/share/em_armgcc/bin/../lib/gcc/arm-none-eabi/5.4.1/../../../../arm-none-eabi/lib/armv7e-m/fpu\libstdc++_s.a(eh_term_handler.o)
                              c:/soft/embitz/1.11/share/em_armgcc/bin/../lib/gcc/arm-none-eabi/5.4.1/../../../../arm-none-eabi/lib/armv7e-m/fpu\libstdc++_s.a(eh_terminate.o) (__cxxabiv1::__terminate_handler)
c:/soft/embitz/1.11/share/em_armgcc/bin/../lib/gcc/arm-none-eabi/5.4.1/../../../../arm-none-eabi/lib/armv7e-m/fpu\libstdc++_s.a(si_class_type_info.o)
                              obj\debug\src\platforms\alexmos32\platform.o (vtable for __cxxabiv1::__si_class_type_info)
c:/soft/embitz/1.11/share/em_armgcc/bin/../lib/gcc/arm-none-eabi/5.4.1/../../../../arm-none-eabi/lib/armv7e-m/fpu\libstdc++_s.a(guard.o)
                              obj\debug\src\system\system.o (__cxa_guard_acquire)
c:/soft/embitz/1.11/share/em_armgcc/bin/../lib/gcc/arm-none-eabi/5.4.1/../../../../arm-none-eabi/lib/armv7e-m/fpu\libstdc++_s.a(eh_exception.o)
                              c:/soft/embitz/1.11/share/em_armgcc/bin/../lib/gcc/arm-none-eabi/5.4.1/../../../../arm-none-eabi/lib/armv7e-m/fpu\libstdc++_s.a(eh_arm.o) (typeinfo for __cxxabiv1::__forced_unwind)
c:/soft/embitz/1.11/share/em_armgcc/bin/../lib/gcc/arm-none-eabi/5.4.1/../../../../arm-none-eabi/lib/armv7e-m/fpu\libstdc++_s.a(tinfo.o)
                              c:/soft/embitz/1.11/share/em_armgcc/bin/../lib/gcc/arm-none-eabi/5.4.1/../../../../arm-none-eabi/lib/armv7e-m/fpu\libstdc++_s.a(class_type_info.o) (std::type_info::~type_info())
c:/soft/embitz/1.11/share/em_armgcc/bin/../lib/gcc/arm-none-eabi/5.4.1/../../../../arm-none-eabi/lib/armv7e-m/fpu\libstdc++_s.a(eh_globals.o)
                              c:/soft/embitz/1.11/share/em_armgcc/bin/../lib/gcc/arm-none-eabi/5.4.1/../../../../arm-none-eabi/lib/armv7e-m/fpu\libstdc++_s.a(eh_arm.o) (__cxa_get_globals)
c:/soft/embitz/1.11/share/em_armgcc/bin/../lib/gcc/arm-none-eabi/5.4.1/../../../../arm-none-eabi/lib/armv7e-m/fpu\libstdc++_s.a(pure.o)
                              obj\debug\src\system\system.o (__cxa_pure_virtual)
c:/soft/embitz/1.11/share/em_armgcc/bin/../lib/gcc/arm-none-eabi/5.4.1/../../../../arm-none-eabi/lib/armv7e-m/fpu\libstdc++_s.a(eh_personality.o)
                              obj\debug\src\main.o (__gxx_personality_v0)
c:/soft/embitz/1.11/share/em_armgcc/bin/../lib/gcc/arm-none-eabi/5.4.1/../../../../arm-none-eabi/lib/armv7e-m/fpu\libstdc++_s.a(eh_unex_handler.o)
                              c:/soft/embitz/1.11/share/em_armgcc/bin/../lib/gcc/arm-none-eabi/5.4.1/../../../../arm-none-eabi/lib/armv7e-m/fpu\libstdc++_s.a(eh_terminate.o) (__cxxabiv1::__unexpected_handler)
c:/soft/embitz/1.11/share/em_armgcc/bin/../lib/gcc/arm-none-eabi/5.4.1/../../../../arm-none-eabi/lib/armv7e-m/fpu\libstdc++_s.a(eh_call.o)
                              c:/soft/embitz/1.11/share/em_armgcc/bin/../lib/gcc/arm-none-eabi/5.4.1/../../../../arm-none-eabi/lib/armv7e-m/fpu\libstdc++_s.a(eh_personality.o) (__cxa_call_terminate)
c:/soft/embitz/1.11/share/em_armgcc/bin/../lib/gcc/arm-none-eabi/5.4.1/../../../../arm-none-eabi/lib/armv7e-m/fpu\libstdc++_s.a(eh_catch.o)
                              c:/soft/embitz/1.11/share/em_armgcc/bin/../lib/gcc/arm-none-eabi/5.4.1/../../../../arm-none-eabi/lib/armv7e-m/fpu\libstdc++_s.a(eh_call.o) (__cxa_begin_catch)
c:/soft/embitz/1.11/share/em_armgcc/bin/../lib/gcc/arm-none-eabi/5.4.1/armv7e-m/fpu\libgcc.a(unwind-arm.o)
                              obj\debug\src\platforms\alexmos32\platform.o (__aeabi_unwind_cpp_pr1)
c:/soft/embitz/1.11/share/em_armgcc/bin/../lib/gcc/arm-none-eabi/5.4.1/armv7e-m/fpu\libgcc.a(libunwind.o)
[...]
Memory Configuration

Name             Origin             Length             Attributes
ROM              0x08000000         0x00020000         xr
RAM              0x20000000         0x0000a000         xrw
*default*        0x00000000         0xffffffff

Linker script and memory map

LOAD c:/soft/embitz/1.11/share/em_armgcc/bin/../lib/gcc/arm-none-eabi/5.4.1/armv7e-m/fpu/crti.o
LOAD c:/soft/embitz/1.11/share/em_armgcc/bin/../lib/gcc/arm-none-eabi/5.4.1/armv7e-m/fpu/crtbegin.o
LOAD c:/soft/embitz/1.11/share/em_armgcc/bin/../lib/gcc/arm-none-eabi/5.4.1/../../../../arm-none-eabi/lib/armv7e-m/fpu/crt0.o
                0x00000000                __HEAP_SIZE = 0x0
                0x00000100                __STACK_SIZE = 0x100

.text           0x08000000     0x2a24
 *(.isr_vector)
 .isr_vector    0x08000000      0x188 obj\debug\src\startup_stm32f30x.o
                0x08000000                __isr_vector
 *(.text*)
 .text          0x08000188       0x5c c:/soft/embitz/1.11/share/em_armgcc/bin/../lib/gcc/arm-none-eabi/5.4.1/armv7e-m/fpu/crtbegin.o
 .text          0x080001e4       0x74 c:/soft/embitz/1.11/share/em_armgcc/bin/../lib/gcc/arm-none-eabi/5.4.1/../../../../arm-none-eabi/lib/armv7e-m/fpu/crt0.o
                0x080001e4                _start
                0x080001e4                _mainCRTStartup
 .text.GPIO_Init
                0x08000258      0x130 obj\debug\spl\src\stm32f30x_gpio.o
                0x08000258                GPIO_Init
 .text.GPIO_SetBits
                0x08000388       0x20 obj\debug\spl\src\stm32f30x_gpio.o
                0x08000388                GPIO_SetBits
 .text.GPIO_PinAFConfig
                0x080003a8       0x94 obj\debug\spl\src\stm32f30x_gpio.o
                0x080003a8                GPIO_PinAFConfig
 .text.RCC_AHBPeriphClockCmd
                0x0800043c       0x40 obj\debug\spl\src\stm32f30x_rcc.o
                0x0800043c                RCC_AHBPeriphClockCmd
 .text.RCC_APB1PeriphClockCmd
                0x0800047c       0x40 obj\debug\spl\src\stm32f30x_rcc.o
                0x0800047c                RCC_APB1PeriphClockCmd
 .text.SPI_Init
                0x080004bc      0x118 obj\debug\spl\src\stm32f30x_spi.o
                0x080004bc                SPI_Init
 .text.SPI_Cmd  0x080005d4       0x40 obj\debug\spl\src\stm32f30x_spi.o
                0x080005d4                SPI_Cmd
 .text.SPI_NSSInternalSoftwareConfig
                0x08000614       0x44 obj\debug\spl\src\stm32f30x_spi.o
                0x08000614                SPI_NSSInternalSoftwareConfig
 .text.main     0x08000658       0x28 obj\debug\src\main.o
                0x08000658                main
 .text.__NVIC_SetPriority
                0x08000680       0x54 obj\debug\src\platforms\alexmos32\platform.o
 .text.SysTick_Config
                0x080006d4       0x44 obj\debug\src\platforms\alexmos32\platform.o
 .text._ZN8Platform8spi_initEv
                0x08000718       0xfc obj\debug\src\platforms\alexmos32\platform.o
                0x08000718                Platform::spi_init()
 .text._ZN8Platform10toggle_ledEv
                0x08000814       0x28 obj\debug\src\platforms\alexmos32\platform.o
                0x08000814                Platform::toggle_led()
 .text._ZN8Platform18systick_timer_initEv
                0x0800083c       0x38 obj\debug\src\platforms\alexmos32\platform.o
                0x0800083c                Platform::systick_timer_init()
 .text._ZN8Platform8led_initEv
                0x08000874       0x38 obj\debug\src\platforms\alexmos32\platform.o
                0x08000874                Platform::led_init()
 .text          0x080008ac       0xe4 obj\debug\src\startup_stm32f30x.o
                0x080008ac                Reset_Handler
                0x080008f2                NMI_Handler
                0x080008f4                HardFault_Handler
                0x080008f6                MemManage_Handler
                0x080008f8                BusFault_Handler
                0x080008fa                UsageFault_Handler
                0x080008fc                SVC_Handler
                0x080008fe                DebugMon_Handler
                0x08000900                PendSV_Handler
                0x08000904                WWDG_IRQHandler
                0x08000906                PVD_IRQHandler
                0x08000908                TAMPER_STAMP_IRQHandler
                0x0800090a                RTC_WKUP_IRQHandler
                0x0800090c                FLASH_IRQHandler
                0x0800090e                RCC_IRQHandler
                0x08000910                EXTI0_IRQHandler
                0x08000912                EXTI1_IRQHandler
                0x08000914                EXTI2_TS_IRQHandler
                0x08000916                EXTI3_IRQHandler
                0x08000918                EXTI4_IRQHandler
                0x0800091a                DMA1_Channel1_IRQHandler
                0x0800091c                DMA1_Channel2_IRQHandler
                0x0800091e                DMA1_Channel3_IRQHandler
                0x08000920                DMA1_Channel4_IRQHandler
                0x08000922                DMA1_Channel5_IRQHandler
                0x08000924                DMA1_Channel6_IRQHandler
                0x08000926                DMA1_Channel7_IRQHandler
                0x08000928                ADC1_2_IRQHandler
                0x0800092a                USB_HP_CAN1_TX_IRQHandler
                0x0800092c                USB_LP_CAN1_RX0_IRQHandler
                0x0800092e                CAN1_RX1_IRQHandler
                0x08000930                CAN1_SCE_IRQHandler
                0x08000932                EXTI9_5_IRQHandler
                0x08000934                TIM1_BRK_TIM15_IRQHandler
                0x08000936                TIM1_UP_TIM16_IRQHandler
                0x08000938                TIM1_TRG_COM_TIM17_IRQHandler
                0x0800093a                TIM1_CC_IRQHandler
                0x0800093c                TIM2_IRQHandler
                0x0800093e                TIM3_IRQHandler
                0x08000940                TIM4_IRQHandler
                0x08000942                I2C1_EV_IRQHandler
                0x08000944                I2C1_ER_IRQHandler
                0x08000946                I2C2_EV_IRQHandler
                0x08000948                I2C2_ER_IRQHandler
                0x0800094a                SPI1_IRQHandler
                0x0800094c                SPI2_IRQHandler
                0x0800094e                USART1_IRQHandler
                0x08000950                USART2_IRQHandler
                0x08000952                USART3_IRQHandler
                0x08000954                EXTI15_10_IRQHandler
                0x08000956                RTC_Alarm_IRQHandler
                0x08000958                USBWakeUp_IRQHandler
                0x0800095a                TIM8_BRK_IRQHandler
                0x0800095c                TIM8_UP_IRQHandler
                0x0800095e                TIM8_TRG_COM_IRQHandler
                0x08000960                TIM8_CC_IRQHandler
                0x08000962                ADC3_IRQHandler
                0x08000964                SPI3_IRQHandler
                0x08000966                UART4_IRQHandler
                0x08000968                UART5_IRQHandler
                0x0800096a                TIM6_DAC_IRQHandler
                0x0800096c                TIM7_IRQHandler
                0x0800096e                DMA2_Channel1_IRQHandler
                0x08000970                DMA2_Channel2_IRQHandler
                0x08000972                DMA2_Channel3_IRQHandler
                0x08000974                DMA2_Channel4_IRQHandler
                0x08000976                DMA2_Channel5_IRQHandler
                0x08000978                ADC4_IRQHandler
                0x0800097a                COMP1_2_3_IRQHandler
                0x0800097c                COMP4_5_6_IRQHandler
                0x0800097e                COMP7_IRQHandler
                0x08000980                USB_HP_IRQHandler
                0x08000982                USB_LP_IRQHandler
                0x08000984                USBWakeUp_RMP_IRQHandler
                0x08000986                FPU_IRQHandler
 .text._ZN12PlatformBaseC2Ev
                0x08000990       0x20 obj\debug\src\system\system.o
                0x08000990                PlatformBase::PlatformBase()
                0x08000990                PlatformBase::PlatformBase()
 .text._ZN12PlatformBaseD2Ev
                0x080009b0       0x20 obj\debug\src\system\system.o
                0x080009b0                PlatformBase::~PlatformBase()
                0x080009b0                PlatformBase::~PlatformBase()
 .text._ZN8PlatformC2Ev
                0x080009d0       0x24 obj\debug\src\system\system.o
                0x080009d0                Platform::Platform()
                0x080009d0                Platform::Platform()
 .text._ZN8PlatformD2Ev
                0x080009f4       0x24 obj\debug\src\system\system.o
                0x080009f4                Platform::~Platform()
                0x080009f4                Platform::~Platform()
 .text._ZN6SystemC2Ev
                0x08000a18       0x38 obj\debug\src\system\system.o
                0x08000a18                System::System()
                0x08000a18                System::System()
 .text._ZN6System20non_blocking_wait_msEP8WaitData
                0x08000a50       0x3c obj\debug\src\system\system.o
                0x08000a50                System::non_blocking_wait_ms(WaitData*)
 .text._ZN6System10led_toggleEv
                0x08000a8c       0x18 obj\debug\src\system\system.o
                0x08000a8c                System::led_toggle()
 .text._ZN6System23toggle_led_periodicallyEm
                0x08000aa4       0x68 obj\debug\src\system\system.o
                0x08000aa4                System::toggle_led_periodically(unsigned long)
 .text._ZN6SystemD2Ev
                0x08000b0c       0x1c obj\debug\src\system\system.o
                0x08000b0c                System::~System()
                0x08000b0c                System::~System()
 .text.SysTick_Handler
                0x08000b28       0x1c obj\debug\src\system\system.o
                0x08000b28                SysTick_Handler
 .text.SystemInit
                0x08000b44       0x94 obj\debug\src\system_stm32f30x.o
                0x08000b44                SystemInit
 .text.SystemCoreClockUpdate
                0x08000bd8       0xd8 obj\debug\src\system_stm32f30x.o
                0x08000bd8                SystemCoreClockUpdate
 .text.SetSysClock
                0x08000cb0       0x90 obj\debug\src\system_stm32f30x.o
 .text._ZNK10__cxxabiv117__class_type_info11__do_upcastEPKS0_PPv
                0x08000d40       0x34 c:/soft/embitz/1.11/share/em_armgcc/bin/../lib/gcc/arm-none-eabi/5.4.1/../../../../arm-none-eabi/lib/armv7e-m/fpu\libstdc++_s.a(class_type_info.o)
                0x08000d40                __cxxabiv1::__class_type_info::__do_upcast(__cxxabiv1::__class_type_info const*, void**) const
 .text._ZNK10__cxxabiv117__class_type_info20__do_find_public_srcEiPKvPKS0_S2_
                0x08000d74        0xc c:/soft/embitz/1.11/share/em_armgcc/bin/../lib/gcc/arm-none-eabi/5.4.1/../../../../arm-none-eabi/lib/armv7e-m/fpu\libstdc++_s.a(class_type_info.o)
                0x08000d74                __cxxabiv1::__class_type_info::__do_find_public_src(int, void const*, __cxxabiv1::__class_type_info const*, void const*) const
 .text._ZN10__cxxabiv117__class_type_infoD2Ev
                0x08000d80       0x14 c:/soft/embitz/1.11/share/em_armgcc/bin/../lib/gcc/arm-none-eabi/5.4.1/../../../../arm-none-eabi/lib/armv7e-m/fpu\libstdc++_s.a(class_type_info.o)
                0x08000d80                __cxxabiv1::__class_type_info::~__class_type_info()
                0x08000d80                __cxxabiv1::__class_type_info::~__class_type_info()
 .text._ZN10__cxxabiv117__class_type_infoD0Ev
                0x08000d94       0x12 c:/soft/embitz/1.11/share/em_armgcc/bin/../lib/gcc/arm-none-eabi/5.4.1/../../../../arm-none-eabi/lib/armv7e-m/fpu\libstdc++_s.a(class_type_info.o)
                0x08000d94                __cxxabiv1::__class_type_info::~__class_type_info()
 .text._ZNK10__cxxabiv117__class_type_info11__do_upcastEPKS0_PKvRNS0_15__upcast_resultE
                0x08000da6       0x18 c:/soft/embitz/1.11/share/em_armgcc/bin/../lib/gcc/arm-none-eabi/5.4.1/../../../../arm-none-eabi/lib/armv7e-m/fpu\libstdc++_s.a(class_type_info.o)
                0x08000da6                __cxxabiv1::__class_type_info::__do_upcast(__cxxabiv1::__class_type_info const*, void const*, __cxxabiv1::__class_type_info::__upcast_result&) const
 .text._ZNK10__cxxabiv117__class_type_info12__do_dyncastEiNS0_10__sub_kindEPKS0_PKvS3_S5_RNS0_16__dyncast_resultE
                0x08000dbe       0x38 c:/soft/embitz/1.11/share/em_armgcc/bin/../lib/gcc/arm-none-eabi/5.4.1/../../../../arm-none-eabi/lib/armv7e-m/fpu\libstdc++_s.a(class_type_info.o)
                0x08000dbe                __cxxabiv1::__class_type_info::__do_dyncast(int, __cxxabiv1::__class_type_info::__sub_kind, __cxxabiv1::__class_type_info const*, void const*, __cxxabiv1::__class_type_info const*, void const*, __cxxabiv1::__class_type_info::__dyncast_result&) const
 .text._ZNK10__cxxabiv117__class_type_info10__do_catchEPKSt9type_infoPPvj
                0x08000df6       0x2a c:/soft/embitz/1.11/share/em_armgcc/bin/../lib/gcc/arm-none-eabi/5.4.1/../../../../arm-none-eabi/lib/armv7e-m/fpu\libstdc++_s.a(class_type_info.o)
                0x08000df6                __cxxabiv1::__class_type_info::__do_catch(std::type_info const*, void**, unsigned int) const
 .text._ZdlPv   0x08000e20        0x4 c:/soft/embitz/1.11/share/em_armgcc/bin/../lib/gcc/arm-none-eabi/5.4.1/../../../../arm-none-eabi/lib/armv7e-m/fpu\libstdc++_s.a(del_op.o)
                0x08000e20                operator delete(void*)
 .text.__cxa_end_cleanup
                0x08000e24        0xc c:/soft/embitz/1.11/share/em_armgcc/bin/../lib/gcc/arm-none-eabi/5.4.1/../../../../arm-none-eabi/lib/armv7e-m/fpu\libstdc++_s.a(eh_arm.o)
                0x08000e24                __cxa_end_cleanup
 .text._ZN10__cxxabiv1L24__is_gxx_exception_classEPc
                0x08000e30       0x3a c:/soft/embitz/1.11/share/em_armgcc/bin/../lib/gcc/arm-none-eabi/5.4.1/../../../../arm-none-eabi/lib/armv7e-m/fpu\libstdc++_s.a(eh_arm.o)
 *fill*         0x08000e6a        0x2 
 .text.__cxa_type_match
                0x08000e6c       0xbc c:/soft/embitz/1.11/share/em_armgcc/bin/../lib/gcc/arm-none-eabi/5.4.1/../../../../arm-none-eabi/lib/armv7e-m/fpu\libstdc++_s.a(eh_arm.o)
                0x08000e6c                __cxa_type_match
 .text.__cxa_begin_cleanup
                0x08000f28       0x3a c:/soft/embitz/1.11/share/em_armgcc/bin/../lib/gcc/arm-none-eabi/5.4.1/../../../../arm-none-eabi/lib/armv7e-m/fpu\libstdc++_s.a(eh_arm.o)
                0x08000f28                __cxa_begin_cleanup
 .text.__gnu_end_cleanup
                0x08000f62       0x32 c:/soft/embitz/1.11/share/em_armgcc/bin/../lib/gcc/arm-none-eabi/5.4.1/../../../../arm-none-eabi/lib/armv7e-m/fpu\libstdc++_s.a(eh_arm.o)
                0x08000f62                __gnu_end_cleanup
 .text._ZN10__cxxabiv111__terminateEPFvvE
                0x08000f94        0x8 c:/soft/embitz/1.11/share/em_armgcc/bin/../lib/gcc/arm-none-eabi/5.4.1/../../../../arm-none-eabi/lib/armv7e-m/fpu\libstdc++_s.a(eh_terminate.o)
                0x08000f94                __cxxabiv1::__terminate(void (*)())
 .text._ZSt13get_terminatev
                0x08000f9c       0x10 c:/soft/embitz/1.11/share/em_armgcc/bin/../lib/gcc/arm-none-eabi/5.4.1/../../../../arm-none-eabi/lib/armv7e-m/fpu\libstdc++_s.a(eh_terminate.o)
                0x08000f9c                std::get_terminate()
 .text._ZSt9terminatev
                0x08000fac        0xa c:/soft/embitz/1.11/share/em_armgcc/bin/../lib/gcc/arm-none-eabi/5.4.1/../../../../arm-none-eabi/lib/armv7e-m/fpu\libstdc++_s.a(eh_terminate.o)
                0x08000fac                std::terminate()
 .text._ZN10__cxxabiv112__unexpectedEPFvvE
                0x08000fb6        0x8 c:/soft/embitz/1.11/share/em_armgcc/bin/../lib/gcc/arm-none-eabi/5.4.1/../../../../arm-none-eabi/lib/armv7e-m/fpu\libstdc++_s.a(eh_terminate.o)
                0x08000fb6                __cxxabiv1::__unexpected(void (*)())
 *fill*         0x08000fbe        0x2 
 .text._ZSt14get_unexpectedv
                0x08000fc0       0x10 c:/soft/embitz/1.11/share/em_armgcc/bin/../lib/gcc/arm-none-eabi/5.4.1/../../../../arm-none-eabi/lib/armv7e-m/fpu\libstdc++_s.a(eh_terminate.o)
                0x08000fc0                std::get_unexpected()
 .text._ZSt10unexpectedv
                0x08000fd0        0xa c:/soft/embitz/1.11/share/em_armgcc/bin/../lib/gcc/arm-none-eabi/5.4.1/../../../../arm-none-eabi/lib/armv7e-m/fpu\libstdc++_s.a(eh_terminate.o)
                0x08000fd0                std::unexpected()
 *fill*         0x08000fda        0x2 
 .text._ZN10__cxxabiv120__si_class_type_infoD2Ev
                0x08000fdc       0x14 c:/soft/embitz/1.11/share/em_armgcc/bin/../lib/gcc/arm-none-eabi/5.4.1/../../../../arm-none-eabi/lib/armv7e-m/fpu\libstdc++_s.a(si_class_type_info.o)
                0x08000fdc                __cxxabiv1::__si_class_type_info::~__si_class_type_info()
                0x08000fdc                __cxxabiv1::__si_class_type_info::~__si_class_type_info()
 .text._ZN10__cxxabiv120__si_class_type_infoD0Ev
                0x08000ff0       0x12 c:/soft/embitz/1.11/share/em_armgcc/bin/../lib/gcc/arm-none-eabi/5.4.1/../../../../arm-none-eabi/lib/armv7e-m/fpu\libstdc++_s.a(si_class_type_info.o)
                0x08000ff0                __cxxabiv1::__si_class_type_info::~__si_class_type_info()
 .text._ZNK10__cxxabiv120__si_class_type_info12__do_dyncastEiNS_17__class_type_info10__sub_kindEPKS1_PKvS4_S6_RNS1_16__dyncast_resultE
                0x08001002       0x7c c:/soft/embitz/1.11/share/em_armgcc/bin/../lib/gcc/arm-none-eabi/5.4.1/../../../../arm-none-eabi/lib/armv7e-m/fpu\libstdc++_s.a(si_class_type_info.o)
                0x08001002                __cxxabiv1::__si_class_type_info::__do_dyncast(int, __cxxabiv1::__class_type_info::__sub_kind, __cxxabiv1::__class_type_info const*, void const*, __cxxabiv1::__class_type_info const*, void const*, __cxxabiv1::__class_type_info::__dyncast_result&) const
 .text._ZNK10__cxxabiv120__si_class_type_info20__do_find_public_srcEiPKvPKNS_17__class_type_infoES2_
                0x0800107e       0x38 c:/soft/embitz/1.11/share/em_armgcc/bin/../lib/gcc/arm-none-eabi/5.4.1/../../../../arm-none-eabi/lib/armv7e-m/fpu\libstdc++_s.a(si_class_type_info.o)
                0x0800107e                __cxxabiv1::__si_class_type_info::__do_find_public_src(int, void const*, __cxxabiv1::__class_type_info const*, void const*) const
 .text._ZNK10__cxxabiv120__si_class_type_info11__do_upcastEPKNS_17__class_type_infoEPKvRNS1_15__upcast_resultE
                0x080010b6       0x2a c:/soft/embitz/1.11/share/em_armgcc/bin/../lib/gcc/arm-none-eabi/5.4.1/../../../../arm-none-eabi/lib/armv7e-m/fpu\libstdc++_s.a(si_class_type_info.o)
                0x080010b6                __cxxabiv1::__si_class_type_info::__do_upcast(__cxxabiv1::__class_type_info const*, void const*, __cxxabiv1::__class_type_info::__upcast_result&) const
 .text.__cxa_guard_acquire
                0x080010e0       0x18 c:/soft/embitz/1.11/share/em_armgcc/bin/../lib/gcc/arm-none-eabi/5.4.1/../../../../arm-none-eabi/lib/armv7e-m/fpu\libstdc++_s.a(guard.o)
                0x080010e0                __cxa_guard_acquire
 .text.__cxa_guard_release
                0x080010f8        0x6 c:/soft/embitz/1.11/share/em_armgcc/bin/../lib/gcc/arm-none-eabi/5.4.1/../../../../arm-none-eabi/lib/armv7e-m/fpu\libstdc++_s.a(guard.o)
                0x080010f8                __cxa_guard_release
 .text._ZNSt9type_infoD2Ev
                0x080010fe        0x2 c:/soft/embitz/1.11/share/em_armgcc/bin/../lib/gcc/arm-none-eabi/5.4.1/../../../../arm-none-eabi/lib/armv7e-m/fpu\libstdc++_s.a(tinfo.o)
                0x080010fe                std::type_info::~type_info()
                0x080010fe                std::type_info::~type_info()
 .text._ZNKSt9type_info15__is_function_pEv
                0x08001100        0x4 c:/soft/embitz/1.11/share/em_armgcc/bin/../lib/gcc/arm-none-eabi/5.4.1/../../../../arm-none-eabi/lib/armv7e-m/fpu\libstdc++_s.a(tinfo.o)
                0x08001100                std::type_info::__is_pointer_p() const
                0x08001100                std::type_info::__is_function_p() const
 .text._ZNKSt9type_infoeqERKS_
                0x08001104       0x2c c:/soft/embitz/1.11/share/em_armgcc/bin/../lib/gcc/arm-none-eabi/5.4.1/../../../../arm-none-eabi/lib/armv7e-m/fpu\libstdc++_s.a(tinfo.o)
                0x08001104                std::type_info::operator==(std::type_info const&) const
 .text.__cxa_get_globals
                0x08001130        0x8 c:/soft/embitz/1.11/share/em_armgcc/bin/../lib/gcc/arm-none-eabi/5.4.1/../../../../arm-none-eabi/lib/armv7e-m/fpu\libstdc++_s.a(eh_globals.o)
                0x08001130                __cxa_get_globals
 .text.__cxa_pure_virtual
                0x08001138        0x6 c:/soft/embitz/1.11/share/em_armgcc/bin/../lib/gcc/arm-none-eabi/5.4.1/../../../../arm-none-eabi/lib/armv7e-m/fpu\libstdc++_s.a(pure.o)
                0x08001138                __cxa_pure_virtual
 .text._ZL12read_uleb128PKhPm
                0x0800113e       0x22 c:/soft/embitz/1.11/share/em_armgcc/bin/../lib/gcc/arm-none-eabi/5.4.1/../../../../arm-none-eabi/lib/armv7e-m/fpu\libstdc++_s.a(eh_personality.o)
 .text._ZL12read_sleb128PKhPl
                0x08001160       0x30 c:/soft/embitz/1.11/share/em_armgcc/bin/../lib/gcc/arm-none-eabi/5.4.1/../../../../arm-none-eabi/lib/armv7e-m/fpu\libstdc++_s.a(eh_personality.o)
 .text._ZL28read_encoded_value_with_basehjPKhPj
                0x08001190       0x88 c:/soft/embitz/1.11/share/em_armgcc/bin/../lib/gcc/arm-none-eabi/5.4.1/../../../../arm-none-eabi/lib/armv7e-m/fpu\libstdc++_s.a(eh_personality.o)
 .text._ZL21base_of_encoded_valuehP15_Unwind_Context
                0x08001218       0x48 c:/soft/embitz/1.11/share/em_armgcc/bin/../lib/gcc/arm-none-eabi/5.4.1/../../../../arm-none-eabi/lib/armv7e-m/fpu\libstdc++_s.a(eh_personality.o)
 .text._ZL18read_encoded_valueP15_Unwind_ContexthPKhPj
                0x08001260       0x20 c:/soft/embitz/1.11/share/em_armgcc/bin/../lib/gcc/arm-none-eabi/5.4.1/../../../../arm-none-eabi/lib/armv7e-m/fpu\libstdc++_s.a(eh_personality.o)
 .text._ZL17parse_lsda_headerP15_Unwind_ContextPKhP16lsda_header_info
                0x08001280       0x60 c:/soft/embitz/1.11/share/em_armgcc/bin/../lib/gcc/arm-none-eabi/5.4.1/../../../../arm-none-eabi/lib/armv7e-m/fpu\libstdc++_s.a(eh_personality.o)
 .text._Unwind_GetGR
                0x080012e0       0x18 c:/soft/embitz/1.11/share/em_armgcc/bin/../lib/gcc/arm-none-eabi/5.4.1/../../../../arm-none-eabi/lib/armv7e-m/fpu\libstdc++_s.a(eh_personality.o)
 .text.__gxx_personality_v0
                0x080012f8      0x378 c:/soft/embitz/1.11/share/em_armgcc/bin/../lib/gcc/arm-none-eabi/5.4.1/../../../../arm-none-eabi/lib/armv7e-m/fpu\libstdc++_s.a(eh_personality.o)
                0x080012f8                __gxx_personality_v0
 .text._ZN10__cxxabiv1L24__is_gxx_exception_classEPc
                0x08001670       0x3a c:/soft/embitz/1.11/share/em_armgcc/bin/../lib/gcc/arm-none-eabi/5.4.1/../../../../arm-none-eabi/lib/armv7e-m/fpu\libstdc++_s.a(eh_call.o)
 .text.__cxa_call_terminate
                0x080016aa       0x1e c:/soft/embitz/1.11/share/em_armgcc/bin/../lib/gcc/arm-none-eabi/5.4.1/../../../../arm-none-eabi/lib/armv7e-m/fpu\libstdc++_s.a(eh_call.o)
                0x080016aa                __cxa_call_terminate
 .text.__cxa_call_unexpected
                0x080016c8       0x28 c:/soft/embitz/1.11/share/em_armgcc/bin/../lib/gcc/arm-none-eabi/5.4.1/../../../../arm-none-eabi/lib/armv7e-m/fpu\libstdc++_s.a(eh_call.o)
                0x080016c8                __cxa_call_unexpected
 .text._ZN10__cxxabiv1L24__is_gxx_exception_classEPc
                0x080016f0       0x3a c:/soft/embitz/1.11/share/em_armgcc/bin/../lib/gcc/arm-none-eabi/5.4.1/../../../../arm-none-eabi/lib/armv7e-m/fpu\libstdc++_s.a(eh_catch.o)
 .text.__cxa_begin_catch
                0x0800172a       0x54 c:/soft/embitz/1.11/share/em_armgcc/bin/../lib/gcc/arm-none-eabi/5.4.1/../../../../arm-none-eabi/lib/armv7e-m/fpu\libstdc++_s.a(eh_catch.o)
                0x0800172a                __cxa_begin_catch
 *fill*         0x0800177e        0x2 
 .text          0x08001780      0x9dc c:/soft/embitz/1.11/share/em_armgcc/bin/../lib/gcc/arm-none-eabi/5.4.1/armv7e-m/fpu\libgcc.a(unwind-arm.o)
                0x08001a3c                _Unwind_GetCFA
                0x08001a40                __gnu_Unwind_RaiseException
                0x08001aa0                __gnu_Unwind_ForcedUnwind
                0x08001ab4                __gnu_Unwind_Resume
                0x08001af8                __gnu_Unwind_Resume_or_Rethrow
                0x08001b08                _Unwind_Complete
                0x08001b0c                _Unwind_DeleteException
                0x08001b18                _Unwind_VRS_Get
                0x08001b64                _Unwind_VRS_Set
                0x08001bb4                __gnu_Unwind_Backtrace
                0x08001f00                __aeabi_unwind_cpp_pr0
                0x08001f04                __aeabi_unwind_cpp_pr1
                0x08001f08                __aeabi_unwind_cpp_pr2
                0x08001f0c                _Unwind_VRS_Pop
 .text          0x0800215c      0x1ac c:/soft/embitz/1.11/share/em_armgcc/bin/../lib/gcc/arm-none-eabi/5.4.1/armv7e-m/fpu\libgcc.a(libunwind.o)
                0x0800215c                __restore_core_regs
                0x0800215c                restore_core_regs
                0x08002174                __gnu_Unwind_Restore_VFP
                0x0800217c                __gnu_Unwind_Save_VFP
                0x08002184                __gnu_Unwind_Restore_VFP_D
                0x0800218c                __gnu_Unwind_Save_VFP_D
                0x08002194                __gnu_Unwind_Restore_VFP_D_16_to_31
                0x0800219c                __gnu_Unwind_Save_VFP_D_16_to_31
                0x080021a4                __gnu_Unwind_Restore_WMMXD
                0x080021e8                __gnu_Unwind_Save_WMMXD
                0x0800222c                __gnu_Unwind_Restore_WMMXC
                0x08002240                __gnu_Unwind_Save_WMMXC
                0x08002254                ___Unwind_RaiseException
                0x08002254                _Unwind_RaiseException
                0x08002278                _Unwind_Resume
                0x08002278                ___Unwind_Resume
                0x0800229c                _Unwind_Resume_or_Rethrow
                0x0800229c                ___Unwind_Resume_or_Rethrow
                0x080022c0                _Unwind_ForcedUnwind
                0x080022c0                ___Unwind_ForcedUnwind
                0x080022e4                ___Unwind_Backtrace
                0x080022e4                _Unwind_Backtrace
 .text          0x08002308      0x354 c:/soft/embitz/1.11/share/em_armgcc/bin/../lib/gcc/arm-none-eabi/5.4.1/armv7e-m/fpu\libgcc.a(pr-support.o)
                0x08002360                __gnu_unwind_execute
                0x08002604                __gnu_unwind_frame
                0x0800262c                _Unwind_GetRegionStart
                0x08002638                _Unwind_GetLanguageSpecificData
                0x0800264c                _Unwind_GetTextRelBase
                0x08002654                _Unwind_GetDataRelBase
 .text.abort    0x0800265c        0xe c:/soft/embitz/1.11/share/em_armgcc/bin/../lib/gcc/arm-none-eabi/5.4.1/../../../../arm-none-eabi/lib/armv7e-m/fpu\libg_n.a(lib_a-abort.o)
                0x0800265c                abort
 *fill*         0x0800266a        0x2 
 .text.exit     0x0800266c       0x28 c:/soft/embitz/1.11/share/em_armgcc/bin/../lib/gcc/arm-none-eabi/5.4.1/../../../../arm-none-eabi/lib/armv7e-m/fpu\libg_n.a(lib_a-exit.o)
                0x0800266c                exit
 .text.__libc_init_array
                0x08002694       0x4c c:/soft/embitz/1.11/share/em_armgcc/bin/../lib/gcc/arm-none-eabi/5.4.1/../../../../arm-none-eabi/lib/armv7e-m/fpu\libg_n.a(lib_a-init.o)
                0x08002694                __libc_init_array
 .text.free     0x080026e0       0x10 c:/soft/embitz/1.11/share/em_armgcc/bin/../lib/gcc/arm-none-eabi/5.4.1/../../../../arm-none-eabi/lib/armv7e-m/fpu\libg_n.a(lib_a-malloc.o)
                0x080026e0                free
 .text.memcpy   0x080026f0       0x16 c:/soft/embitz/1.11/share/em_armgcc/bin/../lib/gcc/arm-none-eabi/5.4.1/../../../../arm-none-eabi/lib/armv7e-m/fpu\libg_n.a(lib_a-memcpy-stub.o)
                0x080026f0                memcpy
 .text.memset   0x08002706       0x10 c:/soft/embitz/1.11/share/em_armgcc/bin/../lib/gcc/arm-none-eabi/5.4.1/../../../../arm-none-eabi/lib/armv7e-m/fpu\libg_n.a(lib_a-memset.o)
                0x08002706                memset
 *fill*         0x08002716        0x2 
 .text._free_r  0x08002718       0x9c c:/soft/embitz/1.11/share/em_armgcc/bin/../lib/gcc/arm-none-eabi/5.4.1/../../../../arm-none-eabi/lib/armv7e-m/fpu\libg_n.a(lib_a-nano-freer.o)
                0x08002718                _free_r
 .text._raise_r
                0x080027b4       0x54 c:/soft/embitz/1.11/share/em_armgcc/bin/../lib/gcc/arm-none-eabi/5.4.1/../../../../arm-none-eabi/lib/armv7e-m/fpu\libg_n.a(lib_a-signal.o)
                0x080027b4                _raise_r
 .text.raise    0x08002808       0x10 c:/soft/embitz/1.11/share/em_armgcc/bin/../lib/gcc/arm-none-eabi/5.4.1/../../../../arm-none-eabi/lib/armv7e-m/fpu\libg_n.a(lib_a-signal.o)
                0x08002808                raise
 .text._kill_r  0x08002818       0x24 c:/soft/embitz/1.11/share/em_armgcc/bin/../lib/gcc/arm-none-eabi/5.4.1/../../../../arm-none-eabi/lib/armv7e-m/fpu\libg_n.a(lib_a-signalr.o)
                0x08002818                _kill_r
 .text._getpid_r
                0x0800283c        0x4 c:/soft/embitz/1.11/share/em_armgcc/bin/../lib/gcc/arm-none-eabi/5.4.1/../../../../arm-none-eabi/lib/armv7e-m/fpu\libg_n.a(lib_a-signalr.o)
                0x0800283c                _getpid_r
 .text          0x08002840       0x14 c:/soft/embitz/1.11/share/em_armgcc/bin/../lib/gcc/arm-none-eabi/5.4.1/../../../../arm-none-eabi/lib/armv7e-m/fpu\libg_n.a(lib_a-strcmp.o)
                0x08002840                strcmp
 .text.__malloc_lock
                0x08002854        0x2 c:/soft/embitz/1.11/share/em_armgcc/bin/../lib/gcc/arm-none-eabi/5.4.1/../../../../arm-none-eabi/lib/armv7e-m/fpu\libg_n.a(lib_a-mlock.o)
                0x08002854                __malloc_lock
 .text.__malloc_unlock
                0x08002856        0x2 c:/soft/embitz/1.11/share/em_armgcc/bin/../lib/gcc/arm-none-eabi/5.4.1/../../../../arm-none-eabi/lib/armv7e-m/fpu\libg_n.a(lib_a-mlock.o)
                0x08002856                __malloc_unlock
 .text._getpid  0x08002858       0x10 c:/soft/embitz/1.11/share/em_armgcc/bin/../lib/gcc/arm-none-eabi/5.4.1/../../../../arm-none-eabi/lib/armv7e-m/fpu\libnosys_s.a(getpid.o)
                0x08002858                _getpid
 .text._kill    0x08002868       0x10 c:/soft/embitz/1.11/share/em_armgcc/bin/../lib/gcc/arm-none-eabi/5.4.1/../../../../arm-none-eabi/lib/armv7e-m/fpu\libnosys_s.a(kill.o)
                0x08002868                _kill
 .text._exit    0x08002878        0x2 c:/soft/embitz/1.11/share/em_armgcc/bin/../lib/gcc/arm-none-eabi/5.4.1/../../../../arm-none-eabi/lib/armv7e-m/fpu\libnosys_s.a(_exit.o)
                0x08002878                _exit
 *(.init)
 *fill*         0x0800287a        0x2 
 .init          0x0800287c        0x4 c:/soft/embitz/1.11/share/em_armgcc/bin/../lib/gcc/arm-none-eabi/5.4.1/armv7e-m/fpu/crti.o
                0x0800287c                _init
 .init          0x08002880        0x8 c:/soft/embitz/1.11/share/em_armgcc/bin/../lib/gcc/arm-none-eabi/5.4.1/armv7e-m/fpu/crtn.o
 *(.fini)
 .fini          0x08002888        0x4 c:/soft/embitz/1.11/share/em_armgcc/bin/../lib/gcc/arm-none-eabi/5.4.1/armv7e-m/fpu/crti.o
                0x08002888                _fini
 .fini          0x0800288c        0x8 c:/soft/embitz/1.11/share/em_armgcc/bin/../lib/gcc/arm-none-eabi/5.4.1/armv7e-m/fpu/crtn.o
 *crtbegin.o(.ctors)
 *crtbegin?.o(.ctors)
 *(EXCLUDE_FILE(*crtend.o *crtend?.o) .ctors)
 *(SORT(.ctors.*))
 *(.ctors)
 *crtbegin.o(.dtors)
 *crtbegin?.o(.dtors)
 *(EXCLUDE_FILE(*crtend.o *crtend?.o) .dtors)
 *(SORT(.dtors.*))
 *(.dtors)
 *(.rodata*)
 .rodata._ZTV8Platform
                0x08002894       0x18 obj\debug\src\platforms\alexmos32\platform.o
                0x08002894                vtable for Platform
 .rodata._ZTI8Platform
                0x080028ac        0xc obj\debug\src\platforms\alexmos32\platform.o
                0x080028ac                typeinfo for Platform
 .rodata._ZTS8Platform
                0x080028b8        0xa obj\debug\src\platforms\alexmos32\platform.o
                0x080028b8                typeinfo name for Platform
 *fill*         0x080028c2        0x2 
 .rodata._ZTI12PlatformBase
                0x080028c4        0x8 obj\debug\src\platforms\alexmos32\platform.o
                0x080028c4                typeinfo for PlatformBase
 .rodata._ZTS12PlatformBase
                0x080028cc        0xf obj\debug\src\platforms\alexmos32\platform.o
                0x080028cc                typeinfo name for PlatformBase
 *fill*         0x080028db        0x1 
 .rodata._ZTV12PlatformBase
                0x080028dc       0x18 obj\debug\src\system\system.o
                0x080028dc                vtable for PlatformBase
 .rodata._ZTVN10__cxxabiv117__class_type_infoE
                0x080028f4       0x2c c:/soft/embitz/1.11/share/em_armgcc/bin/../lib/gcc/arm-none-eabi/5.4.1/../../../../arm-none-eabi/lib/armv7e-m/fpu\libstdc++_s.a(class_type_info.o)
                0x080028f4                vtable for __cxxabiv1::__class_type_info
 .rodata._ZTIN10__cxxabiv117__class_type_infoE
                0x08002920        0xc c:/soft/embitz/1.11/share/em_armgcc/bin/../lib/gcc/arm-none-eabi/5.4.1/../../../../arm-none-eabi/lib/armv7e-m/fpu\libstdc++_s.a(class_type_info.o)
                0x08002920                typeinfo for __cxxabiv1::__class_type_info
 .rodata._ZTSN10__cxxabiv117__class_type_infoE
                0x0800292c       0x22 c:/soft/embitz/1.11/share/em_armgcc/bin/../lib/gcc/arm-none-eabi/5.4.1/../../../../arm-none-eabi/lib/armv7e-m/fpu\libstdc++_s.a(class_type_info.o)
                0x0800292c                typeinfo name for __cxxabiv1::__class_type_info
 *fill*         0x0800294e        0x2 
 .rodata._ZTVN10__cxxabiv120__si_class_type_infoE
                0x08002950       0x2c c:/soft/embitz/1.11/share/em_armgcc/bin/../lib/gcc/arm-none-eabi/5.4.1/../../../../arm-none-eabi/lib/armv7e-m/fpu\libstdc++_s.a(si_class_type_info.o)
                0x08002950                vtable for __cxxabiv1::__si_class_type_info
 .rodata._ZTIN10__cxxabiv120__si_class_type_infoE
                0x0800297c        0xc c:/soft/embitz/1.11/share/em_armgcc/bin/../lib/gcc/arm-none-eabi/5.4.1/../../../../arm-none-eabi/lib/armv7e-m/fpu\libstdc++_s.a(si_class_type_info.o)
                0x0800297c                typeinfo for __cxxabiv1::__si_class_type_info
 .rodata._ZTSN10__cxxabiv120__si_class_type_infoE
                0x08002988       0x25 c:/soft/embitz/1.11/share/em_armgcc/bin/../lib/gcc/arm-none-eabi/5.4.1/../../../../arm-none-eabi/lib/armv7e-m/fpu\libstdc++_s.a(si_class_type_info.o)
                0x08002988                typeinfo name for __cxxabiv1::__si_class_type_info
 .rodata._ZTSN10__cxxabiv115__forced_unwindE
                0x080029ad       0x20 c:/soft/embitz/1.11/share/em_armgcc/bin/../lib/gcc/arm-none-eabi/5.4.1/../../../../arm-none-eabi/lib/armv7e-m/fpu\libstdc++_s.a(eh_exception.o)
                0x080029ad                typeinfo name for __cxxabiv1::__forced_unwind
 *fill*         0x080029cd        0x3 
 .rodata._ZTIN10__cxxabiv115__forced_unwindE
                0x080029d0        0x8 c:/soft/embitz/1.11/share/em_armgcc/bin/../lib/gcc/arm-none-eabi/5.4.1/../../../../arm-none-eabi/lib/armv7e-m/fpu\libstdc++_s.a(eh_exception.o)
                0x080029d0                typeinfo for __cxxabiv1::__forced_unwind
 .rodata._ZTSN10__cxxabiv119__foreign_exceptionE
                0x080029d8       0x24 c:/soft/embitz/1.11/share/em_armgcc/bin/../lib/gcc/arm-none-eabi/5.4.1/../../../../arm-none-eabi/lib/armv7e-m/fpu\libstdc++_s.a(eh_exception.o)
                0x080029d8                typeinfo name for __cxxabiv1::__foreign_exception
 .rodata._ZTIN10__cxxabiv119__foreign_exceptionE
                0x080029fc        0x8 c:/soft/embitz/1.11/share/em_armgcc/bin/../lib/gcc/arm-none-eabi/5.4.1/../../../../arm-none-eabi/lib/armv7e-m/fpu\libstdc++_s.a(eh_exception.o)
                0x080029fc                typeinfo for __cxxabiv1::__foreign_exception
 .rodata._ZTISt9type_info
                0x08002a04        0x8 c:/soft/embitz/1.11/share/em_armgcc/bin/../lib/gcc/arm-none-eabi/5.4.1/../../../../arm-none-eabi/lib/armv7e-m/fpu\libstdc++_s.a(tinfo.o)
                0x08002a04                typeinfo for std::type_info
 .rodata._ZTSSt9type_info
                0x08002a0c        0xd c:/soft/embitz/1.11/share/em_armgcc/bin/../lib/gcc/arm-none-eabi/5.4.1/../../../../arm-none-eabi/lib/armv7e-m/fpu\libstdc++_s.a(tinfo.o)
                0x08002a0c                typeinfo name for std::type_info
 .rodata.str1.1
                0x08002a19        0x2 c:/soft/embitz/1.11/share/em_armgcc/bin/../lib/gcc/arm-none-eabi/5.4.1/../../../../arm-none-eabi/lib/armv7e-m/fpu\libg_n.a(lib_a-impure.o)
 *fill*         0x08002a1b        0x1 
 .rodata._global_impure_ptr
                0x08002a1c        0x4 c:/soft/embitz/1.11/share/em_armgcc/bin/../lib/gcc/arm-none-eabi/5.4.1/../../../../arm-none-eabi/lib/armv7e-m/fpu\libg_n.a(lib_a-impure.o)
                0x08002a1c                _global_impure_ptr
 *(.eh_frame*)
 .eh_frame      0x08002a20        0x0 c:/soft/embitz/1.11/share/em_armgcc/bin/../lib/gcc/arm-none-eabi/5.4.1/armv7e-m/fpu/crtbegin.o
 .eh_frame      0x08002a20        0x4 c:/soft/embitz/1.11/share/em_armgcc/bin/../lib/gcc/arm-none-eabi/5.4.1/armv7e-m/fpu/crtend.o

.glue_7         0x08002a24        0x0
 .glue_7        0x08002a24        0x0 linker stubs

.glue_7t        0x08002a24        0x0
 .glue_7t       0x08002a24        0x0 linker stubs

.vfp11_veneer   0x08002a24        0x0
 .vfp11_veneer  0x08002a24        0x0 linker stubs

.v4_bx          0x08002a24        0x0
 .v4_bx         0x08002a24        0x0 linker stubs

.iplt           0x08002a24        0x0
 .iplt          0x08002a24        0x0 c:/soft/embitz/1.11/share/em_armgcc/bin/../lib/gcc/arm-none-eabi/5.4.1/armv7e-m/fpu/crtbegin.o

.ARM.extab      0x08002a24       0x88
 *(.ARM.extab* .gnu.linkonce.armextab.*)
 .ARM.extab.text.main
                0x08002a24       0x1c obj\debug\src\main.o
 .ARM.extab.text._ZN8Platform8spi_initEv
                0x08002a40        0xc obj\debug\src\platforms\alexmos32\platform.o
 .ARM.extab.text._ZN8Platform18systick_timer_initEv
                0x08002a4c        0xc obj\debug\src\platforms\alexmos32\platform.o
 .ARM.extab.text._ZN8Platform8led_initEv
                0x08002a58        0xc obj\debug\src\platforms\alexmos32\platform.o
 .ARM.extab.text._ZN12PlatformBaseC2Ev
                0x08002a64        0x0 obj\debug\src\system\system.o
 .ARM.extab.text._ZN12PlatformBaseD2Ev
                0x08002a64        0x0 obj\debug\src\system\system.o
 .ARM.extab.text._ZN8PlatformC2Ev
                0x08002a64        0x0 obj\debug\src\system\system.o
 .ARM.extab.text._ZN8PlatformD2Ev
                0x08002a64        0x0 obj\debug\src\system\system.o
 .ARM.extab.text._ZN6SystemC2Ev
                0x08002a64       0x18 obj\debug\src\system\system.o
 .ARM.extab.text._ZN6System10led_toggleEv
                0x08002a7c        0xc obj\debug\src\system\system.o
 .ARM.extab.text._ZN6System23toggle_led_periodicallyEm
                0x08002a88        0xc obj\debug\src\system\system.o
 .ARM.extab     0x08002a94       0x18 c:/soft/embitz/1.11/share/em_armgcc/bin/../lib/gcc/arm-none-eabi/5.4.1/armv7e-m/fpu\libgcc.a(pr-support.o)
                0x08002aac                __exidx_start = .

.ARM.exidx      0x08002aac      0x118
 *(.ARM.exidx* .gnu.linkonce.armexidx.*)
 .ARM.exidx     0x08002aac        0x8 c:/soft/embitz/1.11/share/em_armgcc/bin/../lib/gcc/arm-none-eabi/5.4.1/../../../../arm-none-eabi/lib/armv7e-m/fpu/crt0.o
 .ARM.exidx.text.main
                0x08002ab4        0x8 obj\debug\src\main.o
 .ARM.exidx.text.__NVIC_SetPriority
                0x08002abc        0x8 obj\debug\src\platforms\alexmos32\platform.o
 .ARM.exidx.text.SysTick_Config
                0x08002ac4        0x0 obj\debug\src\platforms\alexmos32\platform.o
                                  0x8 (size before relaxing)
 .ARM.exidx.text._ZN8Platform8spi_initEv
                0x08002ac4        0x8 obj\debug\src\platforms\alexmos32\platform.o
 .ARM.exidx.text._ZN8Platform10toggle_ledEv
                0x08002acc        0x8 obj\debug\src\platforms\alexmos32\platform.o
 .ARM.exidx.text._ZN8Platform18systick_timer_initEv
                0x08002ad4        0x8 obj\debug\src\platforms\alexmos32\platform.o
 .ARM.exidx.text._ZN8Platform8led_initEv
                0x08002adc       0x10 obj\debug\src\platforms\alexmos32\platform.o
                                  0x8 (size before relaxing)
 .ARM.exidx.text._ZN12PlatformBaseC2Ev
                0x08002aec        0x0 obj\debug\src\system\system.o
                                  0x8 (size before relaxing)
 .ARM.exidx.text._ZN12PlatformBaseD2Ev
                0x08002aec        0x0 obj\debug\src\system\system.o
                                  0x8 (size before relaxing)
 .ARM.exidx.text._ZN8PlatformC2Ev
                0x08002aec        0x0 obj\debug\src\system\system.o
                                  0x8 (size before relaxing)
 .ARM.exidx.text._ZN8PlatformD2Ev
                0x08002aec        0x0 obj\debug\src\system\system.o
                                  0x8 (size before relaxing)
 .ARM.exidx.text._ZN6SystemC2Ev
                0x08002aec        0x8 obj\debug\src\system\system.o
 .ARM.exidx.text._ZN6System20non_blocking_wait_msEP8WaitData
                0x08002af4        0x8 obj\debug\src\system\system.o
 .ARM.exidx.text._ZN6System10led_toggleEv
                0x08002afc        0x8 obj\debug\src\system\system.o
 .ARM.exidx.text._ZN6System23toggle_led_periodicallyEm
                0x08002b04        0x8 obj\debug\src\system\system.o
 .ARM.exidx.text._ZN6SystemD2Ev
                0x08002b0c        0x8 obj\debug\src\system\system.o
 .ARM.exidx.text.SysTick_Handler
                0x08002b14        0x0 obj\debug\src\system\system.o
                                  0x8 (size before relaxing)
 .ARM.exidx     0x08002b14       0x78 c:/soft/embitz/1.11/share/em_armgcc/bin/../lib/gcc/arm-none-eabi/5.4.1/armv7e-m/fpu\libgcc.a(unwind-arm.o)
                                 0xd8 (size before relaxing)
 .ARM.exidx     0x08002b8c       0x38 c:/soft/embitz/1.11/share/em_armgcc/bin/../lib/gcc/arm-none-eabi/5.4.1/armv7e-m/fpu\libgcc.a(pr-support.o)
                                 0x48 (size before relaxing)
                0x08002bc4                __exidx_end = .
                0x08002bc4                __etext = .

.rel.dyn        0x08002bc4        0x0
 .rel.iplt      0x08002bc4        0x0 c:/soft/embitz/1.11/share/em_armgcc/bin/../lib/gcc/arm-none-eabi/5.4.1/armv7e-m/fpu/crtbegin.o

.data           0x20000000       0x88 load address 0x08002bc4
                0x20000000                __data_start__ = .
 *(vtable)
 *(.data*)
 .data.SystemCoreClock
                0x20000000        0x4 obj\debug\src\system_stm32f30x.o
                0x20000000                SystemCoreClock
 .data.AHBPrescTable
                0x20000004       0x10 obj\debug\src\system_stm32f30x.o
                0x20000004                AHBPrescTable
 .data._ZN10__cxxabiv119__terminate_handlerE
                0x20000014        0x4 c:/soft/embitz/1.11/share/em_armgcc/bin/../lib/gcc/arm-none-eabi/5.4.1/../../../../arm-none-eabi/lib/armv7e-m/fpu\libstdc++_s.a(eh_term_handler.o)
                0x20000014                __cxxabiv1::__terminate_handler
 .data._ZN10__cxxabiv120__unexpected_handlerE
                0x20000018        0x4 c:/soft/embitz/1.11/share/em_armgcc/bin/../lib/gcc/arm-none-eabi/5.4.1/../../../../arm-none-eabi/lib/armv7e-m/fpu\libstdc++_s.a(eh_unex_handler.o)
                0x20000018                __cxxabiv1::__unexpected_handler
 .data.impure_data
                0x2000001c       0x60 c:/soft/embitz/1.11/share/em_armgcc/bin/../lib/gcc/arm-none-eabi/5.4.1/../../../../arm-none-eabi/lib/armv7e-m/fpu\libg_n.a(lib_a-impure.o)
 .data._impure_ptr
                0x2000007c        0x4 c:/soft/embitz/1.11/share/em_armgcc/bin/../lib/gcc/arm-none-eabi/5.4.1/../../../../arm-none-eabi/lib/armv7e-m/fpu\libg_n.a(lib_a-impure.o)
                0x2000007c                _impure_ptr
                0x20000080                . = ALIGN (0x4)
                0x20000080                PROVIDE (__preinit_array_start, .)
 *(.preinit_array)
                0x20000080                PROVIDE (__preinit_array_end, .)
                0x20000080                . = ALIGN (0x4)
                0x20000080                PROVIDE (__init_array_start, .)
 *(SORT(.init_array.*))
 *(.init_array)
 .init_array    0x20000080        0x4 c:/soft/embitz/1.11/share/em_armgcc/bin/../lib/gcc/arm-none-eabi/5.4.1/armv7e-m/fpu/crtbegin.o
                0x20000084                PROVIDE (__init_array_end, .)
                0x20000084                . = ALIGN (0x4)
                [!provide]                PROVIDE (__fini_array_start, .)
 *(SORT(.fini_array.*))
 *(.fini_array)
 .fini_array    0x20000084        0x4 c:/soft/embitz/1.11/share/em_armgcc/bin/../lib/gcc/arm-none-eabi/5.4.1/armv7e-m/fpu/crtbegin.o
                [!provide]                PROVIDE (__fini_array_end, .)
                0x20000088                . = ALIGN (0x4)
                0x20000088                __data_end__ = .

.jcr            0x20000088        0x0 load address 0x08002c4c
 .jcr           0x20000088        0x0 c:/soft/embitz/1.11/share/em_armgcc/bin/../lib/gcc/arm-none-eabi/5.4.1/armv7e-m/fpu/crtbegin.o

.igot.plt       0x20000088        0x0 load address 0x08002c4c
 .igot.plt      0x20000088        0x0 c:/soft/embitz/1.11/share/em_armgcc/bin/../lib/gcc/arm-none-eabi/5.4.1/armv7e-m/fpu/crtbegin.o

.bss            0x20000088       0x40 load address 0x08002c4c
                0x20000088                __bss_start__ = .
 *(.bss*)
 .bss           0x20000088       0x1c c:/soft/embitz/1.11/share/em_armgcc/bin/../lib/gcc/arm-none-eabi/5.4.1/armv7e-m/fpu/crtbegin.o
 .bss._ZN6System11sys_time_msE
                0x200000a4        0x4 obj\debug\src\system\system.o
                0x200000a4                System::sys_time_ms
 .bss._ZGVZN6System23toggle_led_periodicallyEmE2wd
                0x200000a8        0x4 obj\debug\src\system\system.o
 .bss._ZZN6System23toggle_led_periodicallyEmE2wd
                0x200000ac        0x8 obj\debug\src\system\system.o
 .bss._ZL10eh_globals
                0x200000b4        0xc c:/soft/embitz/1.11/share/em_armgcc/bin/../lib/gcc/arm-none-eabi/5.4.1/../../../../arm-none-eabi/lib/armv7e-m/fpu\libstdc++_s.a(eh_globals.o)
 .bss.__malloc_free_list
                0x200000c0        0x4 c:/soft/embitz/1.11/share/em_armgcc/bin/../lib/gcc/arm-none-eabi/5.4.1/../../../../arm-none-eabi/lib/armv7e-m/fpu\libg_n.a(lib_a-nano-mallocr.o)
                0x200000c0                __malloc_free_list
 *(COMMON)
 COMMON         0x200000c4        0x4 c:/soft/embitz/1.11/share/em_armgcc/bin/../lib/gcc/arm-none-eabi/5.4.1/../../../../arm-none-eabi/lib/armv7e-m/fpu\libg_n.a(lib_a-reent.o)
                0x200000c4                errno
                0x200000c8                __bss_end__ = .

.heap           0x200000c8        0x0
                0x200000c8                __end__ = .
                0x200000c8                end = __end__
 *(.heap*)
 .heap          0x200000c8        0x0 obj\debug\src\startup_stm32f30x.o
                0x200000c8                __HeapLimit = .

.stack_dummy    0x200000c8      0x100
 *(.stack)
 .stack         0x200000c8      0x100 obj\debug\src\startup_stm32f30x.o
                0x2000a000                __StackTop = (ORIGIN (RAM) + LENGTH (RAM))
                0x20009f00                __StackLimit = (__StackTop - SIZEOF (.stack_dummy))
                0x2000a000                PROVIDE (__stack, __StackTop)
                0x00000001                ASSERT ((__StackLimit >= __HeapLimit), region RAM overflowed with stack)
LOAD obj\debug\spl\src\stm32f30x_adc.o
LOAD obj\debug\spl\src\stm32f30x_can.o
LOAD obj\debug\spl\src\stm32f30x_comp.o
LOAD obj\debug\spl\src\stm32f30x_crc.o
LOAD obj\debug\spl\src\stm32f30x_dac.o
LOAD obj\debug\spl\src\stm32f30x_dbgmcu.o
LOAD obj\debug\spl\src\stm32f30x_dma.o
LOAD obj\debug\spl\src\stm32f30x_exti.o
LOAD obj\debug\spl\src\stm32f30x_flash.o
LOAD obj\debug\spl\src\stm32f30x_gpio.o
LOAD obj\debug\spl\src\stm32f30x_i2c.o
LOAD obj\debug\spl\src\stm32f30x_iwdg.o
LOAD obj\debug\spl\src\stm32f30x_misc.o
LOAD obj\debug\spl\src\stm32f30x_opamp.o
LOAD obj\debug\spl\src\stm32f30x_pwr.o
LOAD obj\debug\spl\src\stm32f30x_rcc.o
LOAD obj\debug\spl\src\stm32f30x_rtc.o
LOAD obj\debug\spl\src\stm32f30x_spi.o
LOAD obj\debug\spl\src\stm32f30x_syscfg.o
LOAD obj\debug\spl\src\stm32f30x_tim.o
LOAD obj\debug\spl\src\stm32f30x_usart.o
LOAD obj\debug\spl\src\stm32f30x_wwdg.o
LOAD obj\debug\src\main.o
LOAD obj\debug\src\platforms\alexmos32\platform.o
LOAD obj\debug\src\platforms\alexmos32\spi\spi.o
LOAD obj\debug\src\platforms\platform_base.o
LOAD obj\debug\src\startup_stm32f30x.o
LOAD obj\debug\src\system\system.o
LOAD obj\debug\src\system_stm32f30x.o
LOAD c:/soft/embitz/1.11/share/em_armgcc/bin/../lib/gcc/arm-none-eabi/5.4.1/../../../../arm-none-eabi/lib/armv7e-m/fpu\libstdc++_s.a
LOAD c:/soft/embitz/1.11/share/em_armgcc/bin/../lib/gcc/arm-none-eabi/5.4.1/../../../../arm-none-eabi/lib/armv7e-m/fpu\libm.a
LOAD CMSIS_5\Lib\GCC\libarm_cortexM4lf_math.a
START GROUP
LOAD c:/soft/embitz/1.11/share/em_armgcc/bin/../lib/gcc/arm-none-eabi/5.4.1/armv7e-m/fpu\libgcc.a
LOAD c:/soft/embitz/1.11/share/em_armgcc/bin/../lib/gcc/arm-none-eabi/5.4.1/../../../../arm-none-eabi/lib/armv7e-m/fpu\libg_n.a
LOAD c:/soft/embitz/1.11/share/em_armgcc/bin/../lib/gcc/arm-none-eabi/5.4.1/../../../../arm-none-eabi/lib/armv7e-m/fpu\libc_n.a
END GROUP
START GROUP
LOAD c:/soft/embitz/1.11/share/em_armgcc/bin/../lib/gcc/arm-none-eabi/5.4.1/armv7e-m/fpu\libgcc.a
LOAD c:/soft/embitz/1.11/share/em_armgcc/bin/../lib/gcc/arm-none-eabi/5.4.1/../../../../arm-none-eabi/lib/armv7e-m/fpu\libc_n.a
LOAD c:/soft/embitz/1.11/share/em_armgcc/bin/../lib/gcc/arm-none-eabi/5.4.1/../../../../arm-none-eabi/lib/armv7e-m/fpu\libnosys_s.a
END GROUP
LOAD c:/soft/embitz/1.11/share/em_armgcc/bin/../lib/gcc/arm-none-eabi/5.4.1/armv7e-m/fpu/crtend.o
LOAD c:/soft/embitz/1.11/share/em_armgcc/bin/../lib/gcc/arm-none-eabi/5.4.1/armv7e-m/fpu/crtn.o
OUTPUT(bin\Debug\AlexMosTest.elf elf32-littlearm)

.ARM.attributes
                0x00000000       0x30
 .ARM.attributes
                0x00000000       0x22 c:/soft/embitz/1.11/share/em_armgcc/bin/../lib/gcc/arm-none-eabi/5.4.1/armv7e-m/fpu/crti.o
 .ARM.attributes
                0x00000022       0x34 c:/soft/embitz/1.11/share/em_armgcc/bin/../lib/gcc/arm-none-eabi/5.4.1/armv7e-m/fpu/crtbegin.o
 .ARM.attributes
                0x00000056       0x20 c:/soft/embitz/1.11/share/em_armgcc/bin/../lib/gcc/arm-none-eabi/5.4.1/../../../../arm-none-eabi/lib/armv7e-m/fpu/crt0.o
 .ARM.attributes
                0x00000076       0x39 obj\debug\spl\src\stm32f30x_gpio.o
 .ARM.attributes
                0x000000af       0x39 obj\debug\spl\src\stm32f30x_rcc.o
 .ARM.attributes
                0x000000e8       0x39 obj\debug\spl\src\stm32f30x_spi.o
 .ARM.attributes
                0x00000121       0x39 obj\debug\src\main.o
 .ARM.attributes
                0x0000015a       0x39 obj\debug\src\platforms\alexmos32\platform.o
 .ARM.attributes
                0x00000193       0x1f obj\debug\src\startup_stm32f30x.o
 .ARM.attributes
                0x000001b2       0x39 obj\debug\src\system\system.o
 .ARM.attributes
                0x000001eb       0x39 obj\debug\src\system_stm32f30x.o
 .ARM.attributes
                0x00000224       0x34 c:/soft/embitz/1.11/share/em_armgcc/bin/../lib/gcc/arm-none-eabi/5.4.1/../../../../arm-none-eabi/lib/armv7e-m/fpu\libstdc++_s.a(class_type_info.o)
 .ARM.attributes
                0x00000258       0x34 c:/soft/embitz/1.11/share/em_armgcc/bin/../lib/gcc/arm-none-eabi/5.4.1/../../../../arm-none-eabi/lib/armv7e-m/fpu\libstdc++_s.a(del_op.o)
 .ARM.attributes
                0x0000028c       0x34 c:/soft/embitz/1.11/share/em_armgcc/bin/../lib/gcc/arm-none-eabi/5.4.1/../../../../arm-none-eabi/lib/armv7e-m/fpu\libstdc++_s.a(eh_arm.o)
 .ARM.attributes
                0x000002c0       0x34 c:/soft/embitz/1.11/share/em_armgcc/bin/../lib/gcc/arm-none-eabi/5.4.1/../../../../arm-none-eabi/lib/armv7e-m/fpu\libstdc++_s.a(eh_terminate.o)
 .ARM.attributes
                0x000002f4       0x34 c:/soft/embitz/1.11/share/em_armgcc/bin/../lib/gcc/arm-none-eabi/5.4.1/../../../../arm-none-eabi/lib/armv7e-m/fpu\libstdc++_s.a(eh_term_handler.o)
 .ARM.attributes
                0x00000328       0x34 c:/soft/embitz/1.11/share/em_armgcc/bin/../lib/gcc/arm-none-eabi/5.4.1/../../../../arm-none-eabi/lib/armv7e-m/fpu\libstdc++_s.a(si_class_type_info.o)
 .ARM.attributes
                0x0000035c       0x34 c:/soft/embitz/1.11/share/em_armgcc/bin/../lib/gcc/arm-none-eabi/5.4.1/../../../../arm-none-eabi/lib/armv7e-m/fpu\libstdc++_s.a(guard.o)
 .ARM.attributes
                0x00000390       0x34 c:/soft/embitz/1.11/share/em_armgcc/bin/../lib/gcc/arm-none-eabi/5.4.1/../../../../arm-none-eabi/lib/armv7e-m/fpu\libstdc++_s.a(eh_exception.o)
 .ARM.attributes
                0x000003c4       0x34 c:/soft/embitz/1.11/share/em_armgcc/bin/../lib/gcc/arm-none-eabi/5.4.1/../../../../arm-none-eabi/lib/armv7e-m/fpu\libstdc++_s.a(tinfo.o)
 .ARM.attributes
                0x000003f8       0x34 c:/soft/embitz/1.11/share/em_armgcc/bin/../lib/gcc/arm-none-eabi/5.4.1/../../../../arm-none-eabi/lib/armv7e-m/fpu\libstdc++_s.a(eh_globals.o)
 .ARM.attributes
                0x0000042c       0x34 c:/soft/embitz/1.11/share/em_armgcc/bin/../lib/gcc/arm-none-eabi/5.4.1/../../../../arm-none-eabi/lib/armv7e-m/fpu\libstdc++_s.a(pure.o)
 .ARM.attributes
                0x00000460       0x34 c:/soft/embitz/1.11/share/em_armgcc/bin/../lib/gcc/arm-none-eabi/5.4.1/../../../../arm-none-eabi/lib/armv7e-m/fpu\libstdc++_s.a(eh_unex_handler.o)
 .ARM.attributes
                0x00000494       0x34 c:/soft/embitz/1.11/share/em_armgcc/bin/../lib/gcc/arm-none-eabi/5.4.1/../../../../arm-none-eabi/lib/armv7e-m/fpu\libstdc++_s.a(eh_call.o)
 .ARM.attributes
                0x000004c8       0x34 c:/soft/embitz/1.11/share/em_armgcc/bin/../lib/gcc/arm-none-eabi/5.4.1/../../../../arm-none-eabi/lib/armv7e-m/fpu\libstdc++_s.a(eh_catch.o)
 .ARM.attributes
                0x000004fc       0x34 c:/soft/embitz/1.11/share/em_armgcc/bin/../lib/gcc/arm-none-eabi/5.4.1/armv7e-m/fpu\libgcc.a(unwind-arm.o)
 .ARM.attributes
                0x00000530       0x22 c:/soft/embitz/1.11/share/em_armgcc/bin/../lib/gcc/arm-none-eabi/5.4.1/armv7e-m/fpu\libgcc.a(libunwind.o)
 .ARM.attributes
                0x00000552       0x34 c:/soft/embitz/1.11/share/em_armgcc/bin/../lib/gcc/arm-none-eabi/5.4.1/armv7e-m/fpu\libgcc.a(pr-support.o)
 .ARM.attributes
                0x00000586       0x34 c:/soft/embitz/1.11/share/em_armgcc/bin/../lib/gcc/arm-none-eabi/5.4.1/../../../../arm-none-eabi/lib/armv7e-m/fpu\libg_n.a(lib_a-abort.o)
 .ARM.attributes
                0x000005ba       0x34 c:/soft/embitz/1.11/share/em_armgcc/bin/../lib/gcc/arm-none-eabi/5.4.1/../../../../arm-none-eabi/lib/armv7e-m/fpu\libg_n.a(lib_a-exit.o)
 .ARM.attributes
                0x000005ee       0x34 c:/soft/embitz/1.11/share/em_armgcc/bin/../lib/gcc/arm-none-eabi/5.4.1/../../../../arm-none-eabi/lib/armv7e-m/fpu\libg_n.a(lib_a-impure.o)
 .ARM.attributes
                0x00000622       0x34 c:/soft/embitz/1.11/share/em_armgcc/bin/../lib/gcc/arm-none-eabi/5.4.1/../../../../arm-none-eabi/lib/armv7e-m/fpu\libg_n.a(lib_a-init.o)
 .ARM.attributes
                0x00000656       0x34 c:/soft/embitz/1.11/share/em_armgcc/bin/../lib/gcc/arm-none-eabi/5.4.1/../../../../arm-none-eabi/lib/armv7e-m/fpu\libg_n.a(lib_a-malloc.o)
 .ARM.attributes
                0x0000068a       0x34 c:/soft/embitz/1.11/share/em_armgcc/bin/../lib/gcc/arm-none-eabi/5.4.1/../../../../arm-none-eabi/lib/armv7e-m/fpu\libg_n.a(lib_a-memcpy-stub.o)
 .ARM.attributes
                0x000006be       0x34 c:/soft/embitz/1.11/share/em_armgcc/bin/../lib/gcc/arm-none-eabi/5.4.1/../../../../arm-none-eabi/lib/armv7e-m/fpu\libg_n.a(lib_a-memset.o)
 .ARM.attributes
                0x000006f2       0x34 c:/soft/embitz/1.11/share/em_armgcc/bin/../lib/gcc/arm-none-eabi/5.4.1/../../../../arm-none-eabi/lib/armv7e-m/fpu\libg_n.a(lib_a-nano-freer.o)
 .ARM.attributes
                0x00000726       0x34 c:/soft/embitz/1.11/share/em_armgcc/bin/../lib/gcc/arm-none-eabi/5.4.1/../../../../arm-none-eabi/lib/armv7e-m/fpu\libg_n.a(lib_a-nano-mallocr.o)
 .ARM.attributes
                0x0000075a       0x34 c:/soft/embitz/1.11/share/em_armgcc/bin/../lib/gcc/arm-none-eabi/5.4.1/../../../../arm-none-eabi/lib/armv7e-m/fpu\libg_n.a(lib_a-signal.o)
 .ARM.attributes
                0x0000078e       0x34 c:/soft/embitz/1.11/share/em_armgcc/bin/../lib/gcc/arm-none-eabi/5.4.1/../../../../arm-none-eabi/lib/armv7e-m/fpu\libg_n.a(lib_a-signalr.o)
 .ARM.attributes
                0x000007c2       0x20 c:/soft/embitz/1.11/share/em_armgcc/bin/../lib/gcc/arm-none-eabi/5.4.1/../../../../arm-none-eabi/lib/armv7e-m/fpu\libg_n.a(lib_a-strcmp.o)
 .ARM.attributes
                0x000007e2       0x34 c:/soft/embitz/1.11/share/em_armgcc/bin/../lib/gcc/arm-none-eabi/5.4.1/../../../../arm-none-eabi/lib/armv7e-m/fpu\libg_n.a(lib_a-mlock.o)
 .ARM.attributes
                0x00000816       0x34 c:/soft/embitz/1.11/share/em_armgcc/bin/../lib/gcc/arm-none-eabi/5.4.1/../../../../arm-none-eabi/lib/armv7e-m/fpu\libg_n.a(lib_a-reent.o)
 .ARM.attributes
                0x0000084a       0x34 c:/soft/embitz/1.11/share/em_armgcc/bin/../lib/gcc/arm-none-eabi/5.4.1/../../../../arm-none-eabi/lib/armv7e-m/fpu\libnosys_s.a(getpid.o)
 .ARM.attributes
                0x0000087e       0x34 c:/soft/embitz/1.11/share/em_armgcc/bin/../lib/gcc/arm-none-eabi/5.4.1/../../../../arm-none-eabi/lib/armv7e-m/fpu\libnosys_s.a(kill.o)
 .ARM.attributes
                0x000008b2       0x34 c:/soft/embitz/1.11/share/em_armgcc/bin/../lib/gcc/arm-none-eabi/5.4.1/../../../../arm-none-eabi/lib/armv7e-m/fpu\libnosys_s.a(_exit.o)
 .ARM.attributes
                0x000008e6       0x34 c:/soft/embitz/1.11/share/em_armgcc/bin/../lib/gcc/arm-none-eabi/5.4.1/armv7e-m/fpu/crtend.o
 .ARM.attributes
                0x0000091a       0x22 c:/soft/embitz/1.11/share/em_armgcc/bin/../lib/gcc/arm-none-eabi/5.4.1/armv7e-m/fpu/crtn.o

.comment        0x00000000       0x6e
 .comment       0x00000000       0x6e obj\debug\spl\src\stm32f30x_gpio.o
                                 0x6f (size before relaxing)
 .comment       0x0000006e       0x6f obj\debug\spl\src\stm32f30x_rcc.o
 .comment       0x0000006e       0x6f obj\debug\spl\src\stm32f30x_spi.o
 .comment       0x0000006e       0x6f obj\debug\src\main.o
 .comment       0x0000006e       0x6f obj\debug\src\platforms\alexmos32\platform.o
 .comment       0x0000006e       0x6f obj\debug\src\system\system.o
 .comment       0x0000006e       0x6f obj\debug\src\system_stm32f30x.o

.debug_info     0x00000000     0x364b
 .debug_info    0x00000000      0x61a obj\debug\spl\src\stm32f30x_gpio.o
 .debug_info    0x0000061a      0xad4 obj\debug\spl\src\stm32f30x_rcc.o
 .debug_info    0x000010ee      0xb82 obj\debug\spl\src\stm32f30x_spi.o
 .debug_info    0x00001c70      0x1d9 obj\debug\src\main.o
 .debug_info    0x00001e49      0xd32 obj\debug\src\platforms\alexmos32\platform.o
 .debug_info    0x00002b7b       0x56 obj\debug\src\startup_stm32f30x.o
 .debug_info    0x00002bd1      0x60a obj\debug\src\system\system.o
 .debug_info    0x000031db      0x470 obj\debug\src\system_stm32f30x.o

.debug_abbrev   0x00000000      0xcc8
 .debug_abbrev  0x00000000      0x19d obj\debug\spl\src\stm32f30x_gpio.o
 .debug_abbrev  0x0000019d      0x1ea obj\debug\spl\src\stm32f30x_rcc.o
 .debug_abbrev  0x00000387      0x190 obj\debug\spl\src\stm32f30x_spi.o
 .debug_abbrev  0x00000517      0x12b obj\debug\src\main.o
 .debug_abbrev  0x00000642      0x2ae obj\debug\src\platforms\alexmos32\platform.o
 .debug_abbrev  0x000008f0       0x14 obj\debug\src\startup_stm32f30x.o
 .debug_abbrev  0x00000904      0x2aa obj\debug\src\system\system.o
 .debug_abbrev  0x00000bae      0x11a obj\debug\src\system_stm32f30x.o

.debug_aranges  0x00000000      0x408
 .debug_aranges
                0x00000000       0x80 obj\debug\spl\src\stm32f30x_gpio.o
 .debug_aranges
                0x00000080      0x150 obj\debug\spl\src\stm32f30x_rcc.o
 .debug_aranges
                0x000001d0      0x118 obj\debug\spl\src\stm32f30x_spi.o
 .debug_aranges
                0x000002e8       0x20 obj\debug\src\main.o
 .debug_aranges
                0x00000308       0x48 obj\debug\src\platforms\alexmos32\platform.o
 .debug_aranges
                0x00000350       0x20 obj\debug\src\startup_stm32f30x.o
 .debug_aranges
                0x00000370       0x68 obj\debug\src\system\system.o
 .debug_aranges
                0x000003d8       0x30 obj\debug\src\system_stm32f30x.o

.debug_ranges   0x00000000      0x378
 .debug_ranges  0x00000000       0x70 obj\debug\spl\src\stm32f30x_gpio.o
 .debug_ranges  0x00000070      0x140 obj\debug\spl\src\stm32f30x_rcc.o
 .debug_ranges  0x000001b0      0x108 obj\debug\spl\src\stm32f30x_spi.o
 .debug_ranges  0x000002b8       0x10 obj\debug\src\main.o
 .debug_ranges  0x000002c8       0x38 obj\debug\src\platforms\alexmos32\platform.o
 .debug_ranges  0x00000300       0x58 obj\debug\src\system\system.o
 .debug_ranges  0x00000358       0x20 obj\debug\src\system_stm32f30x.o

.debug_macro    0x00000000     0x30b7
 .debug_macro   0x00000000      0x195 obj\debug\spl\src\stm32f30x_gpio.o
 .debug_macro   0x00000195      0x1b0 obj\debug\spl\src\stm32f30x_gpio.o
 .debug_macro   0x00000345      0x232 obj\debug\spl\src\stm32f30x_rcc.o
 .debug_macro   0x00000577      0x5c0 obj\debug\spl\src\stm32f30x_rcc.o
 .debug_macro   0x00000b37      0x1aa obj\debug\spl\src\stm32f30x_spi.o
 .debug_macro   0x00000ce1      0x3a5 obj\debug\spl\src\stm32f30x_spi.o
 .debug_macro   0x00001086      0x19c obj\debug\src\main.o
 .debug_macro   0x00001222      0x958 obj\debug\src\main.o
 .debug_macro   0x00001b7a       0x1c obj\debug\src\main.o
 .debug_macro   0x00001b96       0x4f obj\debug\src\main.o
 .debug_macro   0x00001be5      0xfe7 obj\debug\src\main.o
 .debug_macro   0x00002bcc      0x1b4 obj\debug\src\platforms\alexmos32\platform.o
 .debug_macro   0x00002d80      0x1a6 obj\debug\src\system\system.o
 .debug_macro   0x00002f26      0x191 obj\debug\src\system_stm32f30x.o

.debug_line     0x00000000     0x26eb
 .debug_line    0x00000000      0x53a obj\debug\spl\src\stm32f30x_gpio.o
 .debug_line    0x0000053a      0x7a0 obj\debug\spl\src\stm32f30x_rcc.o
 .debug_line    0x00000cda      0x6f1 obj\debug\spl\src\stm32f30x_spi.o
 .debug_line    0x000013cb      0x44f obj\debug\src\main.o
 .debug_line    0x0000181a      0x4c2 obj\debug\src\platforms\alexmos32\platform.o
 .debug_line    0x00001cdc       0xbb obj\debug\src\startup_stm32f30x.o
 .debug_line    0x00001d97      0x506 obj\debug\src\system\system.o
 .debug_line    0x0000229d      0x44e obj\debug\src\system_stm32f30x.o

.debug_str      0x00000000    0x5633d
 .debug_str     0x00000000    0x54447 obj\debug\spl\src\stm32f30x_gpio.o
                              0x54661 (size before relaxing)
 .debug_str     0x00054447      0xa55 obj\debug\spl\src\stm32f30x_rcc.o
                              0x54e15 (size before relaxing)
 .debug_str     0x00054e9c      0x4de obj\debug\spl\src\stm32f30x_spi.o
                              0x549f2 (size before relaxing)
 .debug_str     0x0005537a      0x63d obj\debug\src\main.o
                              0x546e0 (size before relaxing)
 .debug_str     0x000559b7      0x841 obj\debug\src\platforms\alexmos32\platform.o
                              0x5513e (size before relaxing)
 .debug_str     0x000561f8       0xc9 obj\debug\src\system\system.o
                              0x54974 (size before relaxing)
 .debug_str     0x000562c1       0x7c obj\debug\src\system_stm32f30x.o
                              0x544a7 (size before relaxing)

.debug_frame    0x00000000     0x1d68
 .debug_frame   0x00000000      0x214 obj\debug\spl\src\stm32f30x_gpio.o
 .debug_frame   0x00000214      0x60c obj\debug\spl\src\stm32f30x_rcc.o
 .debug_frame   0x00000820      0x508 obj\debug\spl\src\stm32f30x_spi.o
 .debug_frame   0x00000d28       0x30 obj\debug\src\main.o
 .debug_frame   0x00000d58       0xf0 obj\debug\src\platforms\alexmos32\platform.o
 .debug_frame   0x00000e48      0x180 obj\debug\src\system\system.o
 .debug_frame   0x00000fc8       0x74 obj\debug\src\system_stm32f30x.o
 .debug_frame   0x0000103c       0xd8 c:/soft/embitz/1.11/share/em_armgcc/bin/../lib/gcc/arm-none-eabi/5.4.1/../../../../arm-none-eabi/lib/armv7e-m/fpu\libstdc++_s.a(class_type_info.o)
 .debug_frame   0x00001114       0x20 c:/soft/embitz/1.11/share/em_armgcc/bin/../lib/gcc/arm-none-eabi/5.4.1/../../../../arm-none-eabi/lib/armv7e-m/fpu\libstdc++_s.a(del_op.o)
 .debug_frame   0x00001134       0x74 c:/soft/embitz/1.11/share/em_armgcc/bin/../lib/gcc/arm-none-eabi/5.4.1/../../../../arm-none-eabi/lib/armv7e-m/fpu\libstdc++_s.a(eh_arm.o)
 .debug_frame   0x000011a8       0xb0 c:/soft/embitz/1.11/share/em_armgcc/bin/../lib/gcc/arm-none-eabi/5.4.1/../../../../arm-none-eabi/lib/armv7e-m/fpu\libstdc++_s.a(eh_terminate.o)
 .debug_frame   0x00001258       0xd4 c:/soft/embitz/1.11/share/em_armgcc/bin/../lib/gcc/arm-none-eabi/5.4.1/../../../../arm-none-eabi/lib/armv7e-m/fpu\libstdc++_s.a(si_class_type_info.o)
 .debug_frame   0x0000132c       0x40 c:/soft/embitz/1.11/share/em_armgcc/bin/../lib/gcc/arm-none-eabi/5.4.1/../../../../arm-none-eabi/lib/armv7e-m/fpu\libstdc++_s.a(guard.o)
 .debug_frame   0x0000136c       0xd0 c:/soft/embitz/1.11/share/em_armgcc/bin/../lib/gcc/arm-none-eabi/5.4.1/../../../../arm-none-eabi/lib/armv7e-m/fpu\libstdc++_s.a(eh_exception.o)
 .debug_frame   0x0000143c       0x80 c:/soft/embitz/1.11/share/em_armgcc/bin/../lib/gcc/arm-none-eabi/5.4.1/../../../../arm-none-eabi/lib/armv7e-m/fpu\libstdc++_s.a(tinfo.o)
 .debug_frame   0x000014bc       0x30 c:/soft/embitz/1.11/share/em_armgcc/bin/../lib/gcc/arm-none-eabi/5.4.1/../../../../arm-none-eabi/lib/armv7e-m/fpu\libstdc++_s.a(eh_globals.o)
 .debug_frame   0x000014ec       0x40 c:/soft/embitz/1.11/share/em_armgcc/bin/../lib/gcc/arm-none-eabi/5.4.1/../../../../arm-none-eabi/lib/armv7e-m/fpu\libstdc++_s.a(pure.o)
 .debug_frame   0x0000152c       0x54 c:/soft/embitz/1.11/share/em_armgcc/bin/../lib/gcc/arm-none-eabi/5.4.1/../../../../arm-none-eabi/lib/armv7e-m/fpu\libstdc++_s.a(eh_call.o)
 .debug_frame   0x00001580       0x84 c:/soft/embitz/1.11/share/em_armgcc/bin/../lib/gcc/arm-none-eabi/5.4.1/../../../../arm-none-eabi/lib/armv7e-m/fpu\libstdc++_s.a(eh_catch.o)
 .debug_frame   0x00001604      0x2f4 c:/soft/embitz/1.11/share/em_armgcc/bin/../lib/gcc/arm-none-eabi/5.4.1/armv7e-m/fpu\libgcc.a(unwind-arm.o)
 .debug_frame   0x000018f8      0x104 c:/soft/embitz/1.11/share/em_armgcc/bin/../lib/gcc/arm-none-eabi/5.4.1/armv7e-m/fpu\libgcc.a(pr-support.o)
 .debug_frame   0x000019fc       0x28 c:/soft/embitz/1.11/share/em_armgcc/bin/../lib/gcc/arm-none-eabi/5.4.1/../../../../arm-none-eabi/lib/armv7e-m/fpu\libg_n.a(lib_a-abort.o)
 .debug_frame   0x00001a24       0x28 c:/soft/embitz/1.11/share/em_armgcc/bin/../lib/gcc/arm-none-eabi/5.4.1/../../../../arm-none-eabi/lib/armv7e-m/fpu\libg_n.a(lib_a-exit.o)
 .debug_frame   0x00001a4c       0x2c c:/soft/embitz/1.11/share/em_armgcc/bin/../lib/gcc/arm-none-eabi/5.4.1/../../../../arm-none-eabi/lib/armv7e-m/fpu\libg_n.a(lib_a-init.o)
 .debug_frame   0x00001a78       0x30 c:/soft/embitz/1.11/share/em_armgcc/bin/../lib/gcc/arm-none-eabi/5.4.1/../../../../arm-none-eabi/lib/armv7e-m/fpu\libg_n.a(lib_a-malloc.o)
 .debug_frame   0x00001aa8       0x28 c:/soft/embitz/1.11/share/em_armgcc/bin/../lib/gcc/arm-none-eabi/5.4.1/../../../../arm-none-eabi/lib/armv7e-m/fpu\libg_n.a(lib_a-memcpy-stub.o)
 .debug_frame   0x00001ad0       0x20 c:/soft/embitz/1.11/share/em_armgcc/bin/../lib/gcc/arm-none-eabi/5.4.1/../../../../arm-none-eabi/lib/armv7e-m/fpu\libg_n.a(lib_a-memset.o)
 .debug_frame   0x00001af0       0x38 c:/soft/embitz/1.11/share/em_armgcc/bin/../lib/gcc/arm-none-eabi/5.4.1/../../../../arm-none-eabi/lib/armv7e-m/fpu\libg_n.a(lib_a-nano-freer.o)
 .debug_frame   0x00001b28       0x2c c:/soft/embitz/1.11/share/em_armgcc/bin/../lib/gcc/arm-none-eabi/5.4.1/../../../../arm-none-eabi/lib/armv7e-m/fpu\libg_n.a(lib_a-nano-mallocr.o)
 .debug_frame   0x00001b54       0xcc c:/soft/embitz/1.11/share/em_armgcc/bin/../lib/gcc/arm-none-eabi/5.4.1/../../../../arm-none-eabi/lib/armv7e-m/fpu\libg_n.a(lib_a-signal.o)
 .debug_frame   0x00001c20       0x3c c:/soft/embitz/1.11/share/em_armgcc/bin/../lib/gcc/arm-none-eabi/5.4.1/../../../../arm-none-eabi/lib/armv7e-m/fpu\libg_n.a(lib_a-signalr.o)
 .debug_frame   0x00001c5c       0x20 c:/soft/embitz/1.11/share/em_armgcc/bin/../lib/gcc/arm-none-eabi/5.4.1/../../../../arm-none-eabi/lib/armv7e-m/fpu\libg_n.a(lib_a-strcmp.o)
 .debug_frame   0x00001c7c       0x30 c:/soft/embitz/1.11/share/em_armgcc/bin/../lib/gcc/arm-none-eabi/5.4.1/../../../../arm-none-eabi/lib/armv7e-m/fpu\libg_n.a(lib_a-mlock.o)
 .debug_frame   0x00001cac       0x5c c:/soft/embitz/1.11/share/em_armgcc/bin/../lib/gcc/arm-none-eabi/5.4.1/../../../../arm-none-eabi/lib/armv7e-m/fpu\libg_n.a(lib_a-reent.o)
 .debug_frame   0x00001d08       0x20 c:/soft/embitz/1.11/share/em_armgcc/bin/../lib/gcc/arm-none-eabi/5.4.1/../../../../arm-none-eabi/lib/armv7e-m/fpu\libnosys_s.a(getpid.o)
 .debug_frame   0x00001d28       0x20 c:/soft/embitz/1.11/share/em_armgcc/bin/../lib/gcc/arm-none-eabi/5.4.1/../../../../arm-none-eabi/lib/armv7e-m/fpu\libnosys_s.a(kill.o)
 .debug_frame   0x00001d48       0x20 c:/soft/embitz/1.11/share/em_armgcc/bin/../lib/gcc/arm-none-eabi/5.4.1/../../../../arm-none-eabi/lib/armv7e-m/fpu\libnosys_s.a(_exit.o)

.stab           0x00000000       0x3c
 .stab          0x00000000       0x24 c:/soft/embitz/1.11/share/em_armgcc/bin/../lib/gcc/arm-none-eabi/5.4.1/../../../../arm-none-eabi/lib/armv7e-m/fpu\libnosys_s.a(getpid.o)
 .stab          0x00000024       0x18 c:/soft/embitz/1.11/share/em_armgcc/bin/../lib/gcc/arm-none-eabi/5.4.1/../../../../arm-none-eabi/lib/armv7e-m/fpu\libnosys_s.a(kill.o)
                                 0x24 (size before relaxing)

.stabstr        0x00000000       0x76
 .stabstr       0x00000000       0x76 c:/soft/embitz/1.11/share/em_armgcc/bin/../lib/gcc/arm-none-eabi/5.4.1/../../../../arm-none-eabi/lib/armv7e-m/fpu\libnosys_s.a(getpid.o)
